22:16:35 - [INFO ] - Isofox version 1.7.2
22:16:35 - [INFO ] - running function(s): TRANSCRIPT_COUNTS,ALT_SPLICE_JUNCTIONS,FUSIONS,RETAINED_INTRONS
22:16:35 - [INFO ] - file(tso500_rna_gene_ids.csv) loaded 55 restricted genes
22:16:35 - [INFO ] - loaded known fusion data: KNOWN_PAIR(414), PROMISCUOUS_5(38), PROMISCUOUS_3(40), IG_KNOWN_PAIR(21), IG_PROMISCUOUS(2), EXON_DEL_DUP(15), PROMISCUOUS_ENHANCER_TARGET(3)
22:16:35 - [DEBUG] - loaded 55 gene records
22:16:37 - [DEBUG] - loaded 55 genes with 592 transcripts records and 5695 exons
22:16:37 - [INFO ] - loaded 55 gene expected counts from file(read_93_exp_counts.37.csv)
22:16:37 - [INFO ] - loaded 667 transcript expected GC ratios from file(read_93_exp_gc_ratios.37.csv)
22:16:37 - [INFO ] - sample(IPD1832-R03-P01-A19) running RNA analysis
22:16:37 - [DEBUG] - calculating fragment size for chromosome(22) geneCount(1)
22:16:37 - [DEBUG] - calculating fragment size for chromosome(11) geneCount(3)
22:16:37 - [DEBUG] - calculating fragment size for chromosome(12) geneCount(1)
22:16:37 - [DEBUG] - calculating fragment size for chromosome(13) geneCount(3)
22:16:37 - [DEBUG] - calculating fragment size for chromosome(15) geneCount(1)
22:16:37 - [DEBUG] - calculating fragment size for chromosome(17) geneCount(4)
22:16:37 - [DEBUG] - calculating fragment size for chromosome(18) geneCount(1)
22:16:37 - [DEBUG] - calculating fragment size for chromosome(1) geneCount(4)
22:16:37 - [DEBUG] - calculating fragment size for chromosome(19) geneCount(2)
22:16:37 - [DEBUG] - calculating fragment size for chromosome(2) geneCount(4)
22:16:37 - [DEBUG] - calculating fragment size for chromosome(3) geneCount(4)
22:16:37 - [DEBUG] - calculating fragment size for chromosome(4) geneCount(4)
22:16:37 - [DEBUG] - calculating fragment size for chromosome(5) geneCount(3)
22:16:37 - [DEBUG] - calculating fragment size for chromosome(6) geneCount(2)
22:16:37 - [DEBUG] - calculating fragment size for chromosome(7) geneCount(4)
22:16:37 - [DEBUG] - calculating fragment size for chromosome(X) geneCount(1)
22:16:38 - [DEBUG] - chromosome(15) processing complete
22:16:38 - [DEBUG] - calculating fragment size for chromosome(8) geneCount(3)
22:16:38 - [DEBUG] - chromosome(18) processing complete
22:16:38 - [DEBUG] - calculating fragment size for chromosome(9) geneCount(5)
22:16:39 - [DEBUG] - chromosome(X) processing complete
22:16:39 - [DEBUG] - calculating fragment size for chromosome(10) geneCount(3)
22:16:39 - [DEBUG] - currentGenes(FLT1) reached max fragment count
22:16:39 - [DEBUG] - chromosome(13) processing complete
22:16:39 - [DEBUG] - calculating fragment size for chromosome(21) geneCount(2)
22:16:39 - [DEBUG] - chromosome(12) processing complete
22:16:39 - [DEBUG] - chromosome(6) processing complete
22:16:39 - [DEBUG] - chromosome(21) processing complete
22:16:40 - [DEBUG] - chromosome(22) processing complete
22:16:41 - [DEBUG] - chromosome(8) processing complete
22:16:41 - [DEBUG] - chromosome(2) processing complete
22:16:41 - [DEBUG] - chromosome(17) processing complete
22:16:42 - [DEBUG] - chromosome(3) processing complete
22:16:43 - [DEBUG] - chromosome(10) processing complete
22:16:45 - [DEBUG] - chromosome(9) processing complete
22:16:45 - [DEBUG] - chromosome(4) processing complete
22:16:46 - [DEBUG] - chromosome(19) processing complete
22:16:46 - [DEBUG] - currentGenes(AKT3) reached max fragment count
22:16:46 - [DEBUG] - chromosome(1) processing complete
22:16:47 - [DEBUG] - chromosome(7) processing complete
22:16:49 - [DEBUG] - chromosome(5) processing complete
22:16:49 - [DEBUG] - chromosome(11) processing complete
22:16:49 - [INFO ] - max observed read length(93) set
22:16:49 - [INFO ] - fragmentLength(50) frequency(295)
22:16:49 - [INFO ] - fragmentLength(75) frequency(505)
22:16:49 - [INFO ] - fragmentLength(100) frequency(2664)
22:16:49 - [INFO ] - fragmentLength(125) frequency(2244)
22:16:49 - [INFO ] - fragmentLength(150) frequency(1502)
22:16:49 - [INFO ] - fragmentLength(200) frequency(475)
22:16:49 - [INFO ] - fragmentLength(250) frequency(18)
22:16:49 - [INFO ] - fragmentLength(300) frequency(0)
22:16:49 - [INFO ] - fragmentLength(400) frequency(0)
22:16:49 - [INFO ] - fragmentLength(550) frequency(0)
22:16:49 - [INFO ] - PerfStat(FragLengthDist) intervals(54) total(98.594 avg=1.826 max=8.896)
22:16:50 - [DEBUG] - genes(PAX7) bamReadCount(9714) depth(bases=20 perc=0.000 max=2)
22:16:50 - [DEBUG] - genes(PAX7) catCounts(all=4.00 trans=1.0)
22:16:50 - [DEBUG] - chr(1) gene(PAX7) transCombo(gene=2 total=2)
22:16:50 - [DEBUG] - gene(PAX7) totalFragments(4) fitTotal(4) residuals(2 perc=0.477)
22:16:50 - [DEBUG] - chr(1) gene(PAX7) processed(1 of 4)
22:16:50 - [DEBUG] - genes(ALK) bamReadCount(5057) depth(bases=4120 perc=0.001 max=53)
22:16:50 - [DEBUG] - genes(ALK) catCounts(all=1443.70 trans=919.0)
22:16:50 - [DEBUG] - chr(2) gene(ALK) transCombo(gene=6 total=6)
22:16:50 - [DEBUG] - gene(ALK) totalFragments(1444) fitTotal(1444) residuals(601 perc=0.416)
22:16:50 - [DEBUG] - chr(2) processing 3 local chimeric read groups
22:16:50 - [DEBUG] - chr(2) chimeric fragments(1 disc=0 junc=1) fusions(loc=1 total=1)
22:16:50 - [DEBUG] - chr(2) passing fusions(0) from total(0)
22:16:50 - [DEBUG] - chr(2) gene(ALK) processed(1 of 4)
22:16:51 - [DEBUG] - genes(NRG1) bamReadCount(7045) depth(bases=5538 perc=0.002 max=42)
22:16:51 - [DEBUG] - genes(NRG1) catCounts(all=1552.20 trans=1247.0)
22:16:51 - [DEBUG] - chr(8) gene(NRG1) transCombo(gene=45 total=45)
22:16:51 - [DEBUG] - gene(1:NRG1) categories(act=45 exp=103 trans+genes=22) skippedCounts(13 perc=0.008 of total=1552)
22:16:51 - [DEBUG] - gene(NRG1) totalFragments(1539) fitTotal(1539) residuals(850 perc=0.553)
22:16:51 - [DEBUG] - chr(8) gene(NRG1) processed(1 of 3)
22:16:51 - [DEBUG] - genes(FGFR3) bamReadCount(31373) depth(bases=5627 perc=0.002 max=101)
22:16:51 - [DEBUG] - genes(FGFR3) catCounts(all=7952.90 trans=7226.1)
22:16:51 - [DEBUG] - chr(4) gene(FGFR3) transCombo(gene=23 total=23)
22:16:51 - [DEBUG] - gene(FGFR3) totalFragments(7953) fitTotal(7953) residuals(1360 perc=0.171)
22:16:51 - [DEBUG] - chr(4) processing 1 local chimeric read groups
22:16:51 - [DEBUG] - chr(4) chimeric fragments(1 disc=0 junc=1) fusions(loc=1 total=1)
22:16:51 - [DEBUG] - chr(4) passing fusions(0) from total(0)
22:16:51 - [DEBUG] - chr(4) gene(FGFR3) processed(1 of 4)
22:16:52 - [DEBUG] - genes(FLT3) bamReadCount(47052) depth(bases=7353 perc=0.002 max=214)
22:16:52 - [DEBUG] - genes(FLT3) catCounts(all=15625.80 trans=13546.0)
22:16:52 - [DEBUG] - chr(13) gene(FLT3) transCombo(gene=13 total=13)
22:16:52 - [DEBUG] - gene(FLT3) totalFragments(15626) fitTotal(15626) residuals(2312 perc=0.148)
22:16:52 - [DEBUG] - chr(13) processing 7 local chimeric read groups
22:16:52 - [DEBUG] - chr(13) chimeric fragments(2 disc=0 junc=2) fusions(loc=1 total=2)
22:16:52 - [DEBUG] - chr(13) passing fusions(0) from total(0)
22:16:52 - [DEBUG] - chr(13) gene(FLT3) processed(1 of 3)
22:16:52 - [DEBUG] - genes(NTRK3) bamReadCount(43631) depth(bases=8103 perc=0.003 max=199)
22:16:52 - [DEBUG] - genes(NTRK3) catCounts(all=15848.20 trans=14253.0)
22:16:52 - [DEBUG] - chr(15) gene(NTRK3) transCombo(gene=45 total=45)
22:16:52 - [DEBUG] - gene(1:NTRK3) categories(act=45 exp=70 trans+genes=21) skippedCounts(69 perc=0.004 of total=15848)
22:16:52 - [DEBUG] - gene(NTRK3) totalFragments(15779) fitTotal(15779) residuals(4830 perc=0.306)
22:16:52 - [DEBUG] - chr(15) processing 6 local chimeric read groups
22:16:52 - [DEBUG] - chr(15) chimeric fragments(1 disc=0 junc=1) fusions(loc=1 total=1)
22:16:52 - [DEBUG] - chr(15) passing fusions(0) from total(0)
22:16:52 - [DEBUG] - chr(15) gene(NTRK3) processed(1 of 1)
22:16:52 - [DEBUG] - added chromosomes(15 & 1) newGroups(1) new hardFiltered(0)
22:16:52 - [DEBUG] - added chromosomes(15 & 13) newGroups(1) new hardFiltered(0)
22:16:52 - [DEBUG] - added chromosomes(15 & 7) newGroups(1) new hardFiltered(0)
22:16:52 - [DEBUG] - added chromosomes(15 & 9) newGroups(1) new hardFiltered(0)
22:16:52 - [INFO ] - chr(15) complete(0) partials chr(4) total(0 -> 4), filtered chr(0 -> 0) total(0 -> 0)
22:16:55 - [DEBUG] - genes(BCL2) bamReadCount(111925) depth(bases=7454 perc=0.002 max=548)
22:16:55 - [DEBUG] - genes(BCL2) catCounts(all=41418.20 trans=38869.7)
22:16:55 - [DEBUG] - chr(18) gene(BCL2) transCombo(gene=12 total=12)
22:16:55 - [DEBUG] - gene(1:BCL2) categories(act=12 exp=13 trans+genes=6) skippedCounts(3 perc=0.000 of total=41418)
22:16:55 - [DEBUG] - gene(BCL2) totalFragments(41415) fitTotal(41415) residuals(5443 perc=0.131)
22:16:55 - [DEBUG] - chr(18) processing 10 local chimeric read groups
22:16:55 - [DEBUG] - chr(18) chimeric fragments(3 disc=0 junc=3) fusions(loc=1 total=3)
22:16:55 - [DEBUG] - chr(18) passing fusions(0) from total(0)
22:16:55 - [DEBUG] - chr(18) gene(BCL2) processed(1 of 1)
22:16:55 - [DEBUG] - added chromosomes(18 & 17) newGroups(2) new hardFiltered(4)
22:16:55 - [DEBUG] - added chromosomes(18 & 9) newGroups(2) new hardFiltered(4)
22:16:55 - [INFO ] - chr(18) complete(0) partials chr(4) total(4 -> 8), filtered chr(4 -> 4) total(0 -> 4)
22:16:59 - [DEBUG] - genes(ROS1) bamReadCount(267814) depth(bases=14389 perc=0.005 max=576)
22:16:59 - [DEBUG] - genes(ROS1) catCounts(all=91227.80 trans=84937.4)
22:16:59 - [DEBUG] - chr(6) gene(ROS1) transCombo(gene=8 total=8)
22:16:59 - [DEBUG] - gene(ROS1) totalFragments(91228) fitTotal(91228) residuals(6054 perc=0.066)
22:16:59 - [DEBUG] - chr(6) processing 31 local chimeric read groups
22:16:59 - [DEBUG] - chr(6) chimeric fragments(7 disc=0 junc=7) fusions(loc=1 total=7)
22:16:59 - [DEBUG] - chr(6) passing fusions(0) from total(1)
22:16:59 - [DEBUG] - chr(6) gene(ROS1) processed(1 of 2)
22:17:00 - [DEBUG] - genes(ESR1) bamReadCount(27474) depth(bases=10333 perc=0.003 max=95)
22:17:00 - [DEBUG] - genes(ESR1) catCounts(all=9306.30 trans=7899.0)
22:17:00 - [DEBUG] - chr(6) gene(ESR1) transCombo(gene=27 total=35)
22:17:00 - [DEBUG] - genes(FLT1) bamReadCount(275258) depth(bases=16144 perc=0.005 max=873)
22:17:00 - [DEBUG] - genes(FLT1) catCounts(all=97275.70 trans=64688.9)
22:17:00 - [DEBUG] - chr(13) gene(FLT1) transCombo(gene=16 total=29)
22:17:00 - [DEBUG] - gene(1:ESR1) categories(act=27 exp=46 trans+genes=14) skippedCounts(15 perc=0.002 of total=9306)
22:17:00 - [DEBUG] - gene(FLT1) totalFragments(97276) fitTotal(97276) residuals(12173 perc=0.125)
22:17:00 - [DEBUG] - gene(ESR1) totalFragments(9291) fitTotal(9291) residuals(1271 perc=0.137)
22:17:00 - [DEBUG] - chr(13) processing 13 local chimeric read groups
22:17:00 - [DEBUG] - chr(6) gene(ESR1) processed(2 of 2)
22:17:00 - [DEBUG] - chr(13) chimeric fragments(3 disc=1 junc=2) fusions(loc=1 total=2)
22:17:00 - [DEBUG] - added chromosomes(6 & 2) newGroups(9) new hardFiltered(3)
22:17:00 - [DEBUG] - added chromosomes(6 & 9) newGroups(1) new hardFiltered(3)
22:17:00 - [INFO ] - chr(6) complete(0) partials chr(10) total(8 -> 18), filtered chr(3 -> 3) total(4 -> 6)
22:17:00 - [DEBUG] - chr(13) passing fusions(0) from total(0)
22:17:00 - [DEBUG] - chr(13) gene(FLT1) processed(2 of 3)
22:17:00 - [DEBUG] - genes(JAK2) bamReadCount(315689) depth(bases=11404 perc=0.004 max=1139)
22:17:00 - [DEBUG] - genes(JAK2) catCounts(all=111591.90 trans=99380.0)
22:17:00 - [DEBUG] - chr(9) gene(JAK2) transCombo(gene=20 total=20)
22:17:00 - [DEBUG] - gene(1:JAK2) categories(act=20 exp=25 trans+genes=6) skippedCounts(7 perc=0.000 of total=111592)
22:17:00 - [DEBUG] - gene(JAK2) totalFragments(111585) fitTotal(111585) residuals(18466 perc=0.165)
22:17:00 - [DEBUG] - chr(9) processing 48 local chimeric read groups
22:17:00 - [DEBUG] - chr(9) chimeric fragments(14 disc=0 junc=14) fusions(loc=1 total=14)
22:17:00 - [DEBUG] - chr(9) passing fusions(0) from total(1)
22:17:00 - [DEBUG] - chr(9) gene(JAK2) processed(1 of 5)
22:17:01 - [DEBUG] - genes(CDK4) bamReadCount(212177) depth(bases=8258 perc=0.003 max=2224)
22:17:01 - [DEBUG] - genes(CDK4) catCounts(all=72188.30 trans=66218.3)
22:17:01 - [DEBUG] - chr(12) gene(CDK4) transCombo(gene=77 total=77)
22:17:01 - [DEBUG] - gene(1:CDK4) categories(act=77 exp=108 trans+genes=17) skippedCounts(376 perc=0.005 of total=72188)
22:17:01 - [DEBUG] - gene(CDK4) totalFragments(71812) fitTotal(71812) residuals(51260 perc=0.714)
22:17:01 - [DEBUG] - chr(12) processing 10 local chimeric read groups
22:17:01 - [DEBUG] - chr(12) chimeric fragments(1 disc=0 junc=1) fusions(loc=1 total=1)
22:17:01 - [DEBUG] - chr(12) passing fusions(0) from total(0)
22:17:01 - [DEBUG] - chr(12) gene(CDK4) processed(1 of 1)
22:17:01 - [DEBUG] - added chromosomes(12 & 7) newGroups(5) new hardFiltered(4)
22:17:01 - [INFO ] - chr(12) complete(0) partials chr(5) total(18 -> 23), filtered chr(4 -> 4) total(6 -> 10)
22:17:02 - [DEBUG] - genes(BRCA2) bamReadCount(46184) depth(bases=13697 perc=0.005 max=116)
22:17:02 - [DEBUG] - genes(BRCA2) catCounts(all=16638.40 trans=15216.4)
22:17:02 - [DEBUG] - chr(13) gene(BRCA2) transCombo(gene=14 total=43)
22:17:02 - [DEBUG] - gene(BRCA2) totalFragments(16638) fitTotal(16638) residuals(2174 perc=0.131)
22:17:02 - [DEBUG] - chr(13) gene(BRCA2) processed(3 of 3)
22:17:02 - [DEBUG] - added chromosomes(13 & 11) newGroups(1) new hardFiltered(5)
22:17:02 - [DEBUG] - added chromosomes(13 & 19) newGroups(2) new hardFiltered(5)
22:17:02 - [INFO ] - chr(13) complete(0) partials chr(3) total(23 -> 26), filtered chr(5 -> 5) total(10 -> 15)
22:17:04 - [DEBUG] - genes(ERG) bamReadCount(93872) depth(bases=167752 perc=0.056 max=370)
22:17:04 - [DEBUG] - genes(ERG) catCounts(all=33617.60 trans=29917.9)
22:17:04 - [DEBUG] - chr(21) gene(ERG) transCombo(gene=49 total=49)
22:17:04 - [DEBUG] - gene(1:ERG) categories(act=49 exp=67 trans+genes=17) skippedCounts(60 perc=0.002 of total=33618)
22:17:04 - [DEBUG] - gene(ERG) totalFragments(33558) fitTotal(33558) residuals(8413 perc=0.251)
22:17:04 - [DEBUG] - chr(21) processing 3 local chimeric read groups
22:17:04 - [DEBUG] - chr(21) chimeric fragments(3 disc=0 junc=3) fusions(loc=1 total=3)
22:17:04 - [DEBUG] - chr(21) passing fusions(0) from total(0)
22:17:04 - [DEBUG] - chr(21) gene(ERG) processed(1 of 2)
22:17:04 - [DEBUG] - genes(ETV1) bamReadCount(218239) depth(bases=33718 perc=0.011 max=1164)
22:17:04 - [DEBUG] - genes(ETV1) catCounts(all=76701.70 trans=72546.3)
22:17:04 - [DEBUG] - chr(7) gene(ETV1) transCombo(gene=90 total=90)
22:17:04 - [DEBUG] - gene(1:ETV1) categories(act=90 exp=141 trans+genes=25) skippedCounts(317 perc=0.004 of total=76702)
22:17:04 - [DEBUG] - gene(ETV1) totalFragments(76384) fitTotal(76384) residuals(25857 perc=0.339)
22:17:04 - [DEBUG] - chr(7) processing 44 local chimeric read groups
22:17:04 - [DEBUG] - chr(7) chimeric fragments(8 disc=0 junc=8) fusions(loc=1 total=7)
22:17:04 - [DEBUG] - chr(7) passing fusions(0) from total(2)
22:17:04 - [DEBUG] - chr(7) gene(ETV1) processed(1 of 4)
22:17:04 - [DEBUG] - genes(AR) bamReadCount(139741) depth(bases=15105 perc=0.005 max=384)
22:17:04 - [DEBUG] - genes(AR) catCounts(all=50051.10 trans=46360.4)
22:17:04 - [DEBUG] - chr(X) gene(AR) transCombo(gene=15 total=15)
22:17:04 - [DEBUG] - gene(AR) totalFragments(50051) fitTotal(50051) residuals(4460 perc=0.089)
22:17:04 - [DEBUG] - chr(X) processing 15 local chimeric read groups
22:17:04 - [DEBUG] - chr(X) chimeric fragments(2 disc=0 junc=2) fusions(loc=1 total=2)
22:17:04 - [DEBUG] - chr(X) passing fusions(0) from total(0)
22:17:04 - [DEBUG] - chr(X) gene(AR) processed(1 of 1)
22:17:04 - [INFO ] - chr(X) complete(0) partials chr(0) total(26 -> 26), filtered chr(4 -> 4) total(15 -> 19)
22:17:05 - [DEBUG] - genes(MLLT3) bamReadCount(147226) depth(bases=30350 perc=0.010 max=1733)
22:17:05 - [DEBUG] - genes(MLLT3) catCounts(all=51098.40 trans=45193.8)
22:17:05 - [DEBUG] - chr(9) gene(MLLT3) transCombo(gene=32 total=52)
22:17:05 - [DEBUG] - gene(1:MLLT3) categories(act=32 exp=55 trans+genes=11) skippedCounts(7 perc=0.000 of total=51098)
22:17:05 - [DEBUG] - gene(MLLT3) totalFragments(51091) fitTotal(51091) residuals(16402 perc=0.321)
22:17:05 - [DEBUG] - chr(9) processing 36 local chimeric read groups
22:17:05 - [DEBUG] - chr(9) chimeric fragments(9 disc=0 junc=9) fusions(loc=1 total=9)
22:17:05 - [DEBUG] - chr(9) passing fusions(0) from total(0)
22:17:05 - [DEBUG] - chr(9) gene(MLLT3) processed(2 of 5)
22:17:06 - [DEBUG] - genes(PPARG) bamReadCount(303284) depth(bases=6290 perc=0.002 max=3173)
22:17:06 - [DEBUG] - genes(PPARG) catCounts(all=111007.30 trans=95365.8)
22:17:06 - [DEBUG] - chr(3) gene(PPARG) transCombo(gene=50 total=50)
22:17:06 - [DEBUG] - gene(1:PPARG) categories(act=50 exp=57 trans+genes=16) skippedCounts(278 perc=0.003 of total=111007)
22:17:06 - [DEBUG] - gene(PPARG) totalFragments(110729) fitTotal(110729) residuals(48914 perc=0.442)
22:17:06 - [DEBUG] - chr(3) processing 40 local chimeric read groups
22:17:06 - [DEBUG] - chr(3) chimeric fragments(8 disc=0 junc=8) fusions(loc=1 total=8)
22:17:06 - [DEBUG] - chr(3) passing fusions(0) from total(0)
22:17:06 - [DEBUG] - chr(3) gene(PPARG) processed(1 of 4)
22:17:08 - [DEBUG] - genes(TMPRSS2) bamReadCount(131613) depth(bases=5921 perc=0.002 max=1008)
22:17:08 - [DEBUG] - genes(TMPRSS2) catCounts(all=46220.70 trans=42173.5)
22:17:08 - [DEBUG] - chr(21) gene(TMPRSS2) transCombo(gene=32 total=81)
22:17:08 - [DEBUG] - gene(1:TMPRSS2) categories(act=32 exp=47 trans+genes=12) skippedCounts(42 perc=0.001 of total=46221)
22:17:08 - [DEBUG] - gene(TMPRSS2) totalFragments(46179) fitTotal(46179) residuals(11132 perc=0.241)
22:17:08 - [DEBUG] - chr(21) gene(TMPRSS2) processed(2 of 2)
22:17:08 - [DEBUG] - added chromosomes(21 & 22) newGroups(1) new hardFiltered(0)
22:17:08 - [DEBUG] - added chromosomes(21 & 2) newGroups(1) new hardFiltered(0)
22:17:08 - [DEBUG] - added chromosomes(21 & 4) newGroups(1) new hardFiltered(0)
22:17:08 - [DEBUG] - added chromosomes(21 & 19) newGroups(1) new hardFiltered(0)
22:17:08 - [DEBUG] - added chromosomes(21 & 9) newGroups(3) new hardFiltered(0)
22:17:08 - [INFO ] - chr(21) complete(0) partials chr(7) total(26 -> 33), filtered chr(0 -> 0) total(19 -> 19)
22:17:09 - [DEBUG] - genes(CSF1R) bamReadCount(545349) depth(bases=9578 perc=0.003 max=2088)
22:17:09 - [DEBUG] - genes(CSF1R) catCounts(all=186326.70 trans=175904.8)
22:17:09 - [DEBUG] - chr(5) gene(CSF1R) transCombo(gene=30 total=30)
22:17:09 - [DEBUG] - gene(1:CSF1R) categories(act=30 exp=40 trans+genes=10) skippedCounts(33 perc=0.000 of total=186327)
22:17:09 - [DEBUG] - gene(CSF1R) totalFragments(186294) fitTotal(186294) residuals(40482 perc=0.217)
22:17:09 - [DEBUG] - chr(5) processing 9 local chimeric read groups
22:17:09 - [DEBUG] - chr(5) chimeric fragments(4 disc=0 junc=4) fusions(loc=1 total=4)
22:17:09 - [DEBUG] - chr(5) passing fusions(0) from total(0)
22:17:09 - [DEBUG] - chr(5) gene(CSF1R) processed(1 of 3)
22:17:12 - [DEBUG] - genes(NTRK2) bamReadCount(244761) depth(bases=21647 perc=0.007 max=733)
22:17:12 - [DEBUG] - genes(NTRK2) catCounts(all=87927.20 trans=83980.6)
22:17:12 - [DEBUG] - chr(9) gene(NTRK2) transCombo(gene=23 total=75)
22:17:12 - [DEBUG] - gene(NTRK2) totalFragments(87927) fitTotal(87927) residuals(8973 perc=0.102)
22:17:12 - [DEBUG] - chr(9) processing 19 local chimeric read groups
22:17:12 - [DEBUG] - chr(9) chimeric fragments(4 disc=0 junc=4) fusions(loc=1 total=4)
22:17:12 - [DEBUG] - chr(9) passing fusions(0) from total(0)
22:17:12 - [DEBUG] - chr(9) gene(NTRK2) processed(3 of 5)
22:17:16 - [DEBUG] - genes(EML4) bamReadCount(736886) depth(bases=18536 perc=0.006 max=2256)
22:17:16 - [DEBUG] - genes(EML4) catCounts(all=260374.50 trans=236468.7)
22:17:16 - [DEBUG] - chr(2) gene(EML4) transCombo(gene=37 total=43)
22:17:16 - [DEBUG] - gene(EML4) totalFragments(260375) fitTotal(260375) residuals(39374 perc=0.151)
22:17:16 - [DEBUG] - chr(2) processing 132 local chimeric read groups
22:17:16 - [DEBUG] - chr(2) chimeric fragments(24 disc=0 junc=24) fusions(loc=1 total=24)
22:17:16 - [DEBUG] - chr(2) passing fusions(0) from total(0)
22:17:16 - [DEBUG] - chr(2) gene(EML4) processed(2 of 4)
22:17:18 - [DEBUG] - genes(KIF5B) bamReadCount(1070534) depth(bases=12125 perc=0.004 max=2429)
22:17:18 - [DEBUG] - genes(KIF5B) catCounts(all=370700.90 trans=345238.5)
22:17:18 - [DEBUG] - chr(10) gene(KIF5B) transCombo(gene=6 total=6)
22:17:18 - [DEBUG] - gene(KIF5B) totalFragments(370701) fitTotal(370701) residuals(94529 perc=0.255)
22:17:18 - [DEBUG] - chr(10) processing 150 local chimeric read groups
22:17:18 - [DEBUG] - chr(10) chimeric fragments(32 disc=0 junc=32) fusions(loc=1 total=30)
22:17:18 - [DEBUG] - chr(10) passing fusions(0) from total(2)
22:17:18 - [DEBUG] - chr(10) gene(KIF5B) processed(1 of 3)
22:17:18 - [DEBUG] - genes(RET) bamReadCount(17991) depth(bases=5381 perc=0.002 max=14)
22:17:18 - [DEBUG] - genes(RET) catCounts(all=1197.00 trans=1071.5)
22:17:18 - [DEBUG] - chr(10) gene(RET) transCombo(gene=11 total=17)
22:17:18 - [DEBUG] - gene(RET) totalFragments(1197) fitTotal(1197) residuals(274 perc=0.229)
22:17:18 - [DEBUG] - chr(10) gene(RET) processed(2 of 3)
22:17:20 - [DEBUG] - genes(MSH2) bamReadCount(132199) depth(bases=5022 perc=0.002 max=736)
22:17:20 - [DEBUG] - genes(MSH2) catCounts(all=32436.00 trans=30731.1)
22:17:20 - [DEBUG] - chr(2) gene(MSH2) transCombo(gene=14 total=57)
22:17:20 - [DEBUG] - gene(MSH2) totalFragments(32436) fitTotal(32436) residuals(9630 perc=0.297)
22:17:20 - [DEBUG] - chr(2) processing 15 local chimeric read groups
22:17:20 - [DEBUG] - chr(2) chimeric fragments(3 disc=0 junc=3) fusions(loc=1 total=3)
22:17:20 - [DEBUG] - chr(2) passing fusions(0) from total(0)
22:17:20 - [DEBUG] - chr(2) gene(MSH2) processed(3 of 4)
22:17:20 - [DEBUG] - genes(PAX3) bamReadCount(40918) depth(bases=167 perc=0.000 max=5)
22:17:20 - [DEBUG] - genes(PAX3) catCounts(all=42.00 trans=42.0)
22:17:20 - [DEBUG] - chr(2) gene(PAX3) transCombo(gene=5 total=62)
22:17:20 - [DEBUG] - gene(PAX3) totalFragments(42) fitTotal(42) residuals(40 perc=0.941)
22:17:20 - [DEBUG] - chr(2) gene(PAX3) processed(4 of 4)
22:17:20 - [DEBUG] - added chromosomes(2 & 11) newGroups(1) new hardFiltered(0)
22:17:20 - [DEBUG] - added chromosomes(2 & 3) newGroups(1) new hardFiltered(0)
22:17:20 - [DEBUG] - added chromosomes(2 & 4) newGroups(2) new hardFiltered(0)
22:17:20 - [DEBUG] - combined chromosomes(2 & 6) existing(1) new(9) complete(9)
22:17:20 - [DEBUG] - added chromosomes(2 & 7) newGroups(4) new hardFiltered(0)
22:17:20 - [DEBUG] - added chromosomes(2 & 8) newGroups(3) new hardFiltered(0)
22:17:20 - [DEBUG] - added chromosomes(2 & 9) newGroups(1) new hardFiltered(0)
22:17:20 - [DEBUG] - combined chromosomes(2 & 21) existing(6) new(1) complete(10)
22:17:20 - [DEBUG] - added chromosomes(2 & 10) newGroups(1) new hardFiltered(0)
22:17:20 - [INFO ] - chr(2) complete(10) partials chr(23) total(33 -> 36), filtered chr(0 -> 0) total(19 -> 19)
22:17:20 - [INFO ] - chr(2) processing 10 inter-chromosome chimeric read groups
22:17:20 - [DEBUG] - chr(2) chimeric fragments(2 disc=0 junc=2) fusions(loc=2 total=2)
22:17:20 - [DEBUG] - chr(2) passing fusions(0) from total(0)
22:17:20 - [INFO ] - chr(2) fusion processing complete, hard-filtered(30)
22:17:21 - [DEBUG] - genes(RAF1) bamReadCount(447253) depth(bases=11028 perc=0.004 max=1489)
22:17:21 - [DEBUG] - genes(RAF1) catCounts(all=123304.70 trans=110066.6)
22:17:21 - [DEBUG] - chr(3) gene(RAF1) transCombo(gene=61 total=111)
22:17:21 - [DEBUG] - gene(1:RAF1) categories(act=61 exp=68 trans+genes=15) skippedCounts(16 perc=0.000 of total=123305)
22:17:21 - [DEBUG] - gene(RAF1) totalFragments(123289) fitTotal(123289) residuals(41742 perc=0.339)
22:17:21 - [DEBUG] - chr(3) processing 29 local chimeric read groups
22:17:21 - [DEBUG] - chr(3) chimeric fragments(8 disc=1 junc=7) fusions(loc=1 total=7)
22:17:21 - [DEBUG] - chr(3) passing fusions(0) from total(0)
22:17:21 - [DEBUG] - chr(3) gene(RAF1) processed(2 of 4)
22:17:21 - [DEBUG] - genes(ABL1) bamReadCount(486110) depth(bases=9298 perc=0.003 max=1164)
22:17:21 - [DEBUG] - genes(ABL1) catCounts(all=168277.30 trans=158269.0)
22:17:21 - [DEBUG] - chr(9) gene(ABL1) transCombo(gene=11 total=86)
22:17:21 - [DEBUG] - gene(ABL1) totalFragments(168277) fitTotal(168277) residuals(16335 perc=0.097)
22:17:21 - [DEBUG] - chr(9) processing 46 local chimeric read groups
22:17:21 - [DEBUG] - chr(9) chimeric fragments(8 disc=0 junc=8) fusions(loc=1 total=8)
22:17:21 - [DEBUG] - chr(9) passing fusions(0) from total(0)
22:17:21 - [DEBUG] - chr(9) gene(ABL1) processed(4 of 5)
22:17:22 - [DEBUG] - genes(FGFR2) bamReadCount(77093) depth(bases=8038 perc=0.003 max=500)
22:17:22 - [DEBUG] - genes(FGFR2) catCounts(all=22931.60 trans=20509.9)
22:17:22 - [DEBUG] - chr(10) gene(FGFR2) transCombo(gene=72 total=89)
22:17:22 - [DEBUG] - gene(1:FGFR2) categories(act=72 exp=107 trans+genes=23) skippedCounts(197 perc=0.009 of total=22932)
22:17:22 - [DEBUG] - gene(FGFR2) totalFragments(22735) fitTotal(22735) residuals(10355 perc=0.455)
22:17:22 - [DEBUG] - chr(10) processing 20 local chimeric read groups
22:17:22 - [DEBUG] - chr(10) chimeric fragments(1 disc=0 junc=1) fusions(loc=1 total=1)
22:17:22 - [DEBUG] - chr(10) passing fusions(0) from total(0)
22:17:22 - [DEBUG] - chr(10) gene(FGFR2) processed(3 of 3)
22:17:22 - [DEBUG] - added chromosomes(10 & 11) newGroups(1) new hardFiltered(0)
22:17:22 - [DEBUG] - combined chromosomes(10 & 2) existing(12) new(1) complete(1)
22:17:22 - [DEBUG] - added chromosomes(10 & 4) newGroups(1) new hardFiltered(0)
22:17:22 - [DEBUG] - combined chromosomes(10 & 18) existing(4) new(0) complete(1)
22:17:22 - [DEBUG] - added chromosomes(10 & 19) newGroups(1) new hardFiltered(0)
22:17:22 - [DEBUG] - added chromosomes(10 & 8) newGroups(2) new hardFiltered(0)
22:17:22 - [DEBUG] - added chromosomes(10 & 9) newGroups(1) new hardFiltered(0)
22:17:22 - [INFO ] - chr(10) complete(1) partials chr(8) total(36 -> 41), filtered chr(0 -> 0) total(19 -> 18)
22:17:22 - [INFO ] - chr(10) processing 1 inter-chromosome chimeric read groups
22:17:22 - [DEBUG] - chr(10) chimeric fragments(1 disc=0 junc=1) fusions(loc=1 total=1)
22:17:22 - [DEBUG] - chr(10) passing fusions(0) from total(0)
22:17:22 - [INFO ] - chr(10) fusion processing complete, hard-filtered(30)
22:17:23 - [DEBUG] - genes(ERBB2) bamReadCount(571253) depth(bases=15497 perc=0.005 max=1479)
22:17:23 - [DEBUG] - genes(ERBB2) catCounts(all=201280.30 trans=190440.4)
22:17:23 - [DEBUG] - chr(17) gene(ERBB2) transCombo(gene=95 total=95)
22:17:23 - [DEBUG] - gene(1:ERBB2) categories(act=95 exp=115 trans+genes=25) skippedCounts(162 perc=0.001 of total=201280)
22:17:23 - [DEBUG] - gene(ERBB2) totalFragments(201117) fitTotal(201117) residuals(74266 perc=0.369)
22:17:23 - [DEBUG] - chr(17) processing 62 local chimeric read groups
22:17:23 - [DEBUG] - chr(17) chimeric fragments(7 disc=0 junc=7) fusions(loc=1 total=7)
22:17:23 - [DEBUG] - chr(17) passing fusions(0) from total(0)
22:17:23 - [DEBUG] - chr(17) gene(ERBB2) processed(1 of 4)
22:17:28 - [DEBUG] - genes(BRCA1) bamReadCount(78134) depth(bases=20538 perc=0.007 max=434)
22:17:28 - [DEBUG] - genes(BRCA1) catCounts(all=27188.90 trans=24647.4)
22:17:28 - [DEBUG] - chr(17) gene(BRCA1) transCombo(gene=86 total=181)
22:17:28 - [DEBUG] - gene(1:BRCA1) categories(act=86 exp=202 trans+genes=32) skippedCounts(58 perc=0.002 of total=27189)
22:17:28 - [DEBUG] - gene(BRCA1) totalFragments(27131) fitTotal(27131) residuals(8330 perc=0.307)
22:17:28 - [DEBUG] - chr(17) gene(BRCA1) processed(2 of 4)
22:17:28 - [DEBUG] - genes(EWSR1) bamReadCount(688447) depth(bases=17304 perc=0.006 max=3903)
22:17:28 - [DEBUG] - genes(EWSR1) catCounts(all=235728.10 trans=220827.8)
22:17:28 - [DEBUG] - chr(22) gene(EWSR1) transCombo(gene=123 total=123)
22:17:28 - [DEBUG] - gene(1:EWSR1) categories(act=123 exp=155 trans+genes=22) skippedCounts(3053 perc=0.013 of total=235728)
22:17:28 - [DEBUG] - gene(EWSR1) totalFragments(232674) fitTotal(232674) residuals(93808 perc=0.403)
22:17:28 - [DEBUG] - chr(22) processing 34 local chimeric read groups
22:17:28 - [DEBUG] - chr(22) chimeric fragments(7 disc=0 junc=7) fusions(loc=1 total=7)
22:17:28 - [DEBUG] - chr(22) passing fusions(0) from total(0)
22:17:28 - [DEBUG] - chr(22) gene(EWSR1) processed(1 of 1)
22:17:28 - [DEBUG] - added chromosomes(22 & 11) newGroups(1) new hardFiltered(0)
22:17:28 - [DEBUG] - added chromosomes(22 & 1) newGroups(1) new hardFiltered(0)
22:17:28 - [DEBUG] - added chromosomes(22 & 3) newGroups(1) new hardFiltered(0)
22:17:28 - [DEBUG] - added chromosomes(22 & 4) newGroups(1) new hardFiltered(0)
22:17:28 - [DEBUG] - added chromosomes(22 & 5) newGroups(1) new hardFiltered(0)
22:17:28 - [DEBUG] - added chromosomes(22 & 17) newGroups(1) new hardFiltered(0)
22:17:28 - [DEBUG] - added chromosomes(22 & 7) newGroups(1) new hardFiltered(0)
22:17:28 - [DEBUG] - added chromosomes(22 & 8) newGroups(4) new hardFiltered(0)
22:17:28 - [DEBUG] - added chromosomes(22 & 19) newGroups(2) new hardFiltered(0)
22:17:28 - [DEBUG] - combined chromosomes(22 & 21) existing(5) new(1) complete(1)
22:17:28 - [INFO ] - chr(22) complete(1) partials chr(14) total(41 -> 53), filtered chr(0 -> 0) total(18 -> 18)
22:17:28 - [INFO ] - chr(22) processing 1 inter-chromosome chimeric read groups
22:17:28 - [DEBUG] - chr(22) chimeric fragments(0 disc=0 junc=0) fusions(loc=0 total=0)
22:17:28 - [INFO ] - chr(22) fusion processing complete, hard-filtered(7)
22:17:28 - [DEBUG] - genes(PIK3CA) bamReadCount(406184) depth(bases=8035 perc=0.003 max=1115)
22:17:28 - [DEBUG] - genes(PIK3CA) catCounts(all=110597.10 trans=101036.6)
22:17:28 - [DEBUG] - chr(3) gene(PIK3CA) transCombo(gene=13 total=124)
22:17:28 - [DEBUG] - gene(1:PIK3CA) categories(act=13 exp=13 trans+genes=5) skippedCounts(55 perc=0.000 of total=110597)
22:17:28 - [DEBUG] - gene(PIK3CA) totalFragments(110542) fitTotal(110542) residuals(60039 perc=0.543)
22:17:28 - [DEBUG] - chr(3) processing 54 local chimeric read groups
22:17:28 - [DEBUG] - chr(3) chimeric fragments(11 disc=0 junc=11) fusions(loc=1 total=10)
22:17:28 - [DEBUG] - chr(3) passing fusions(0) from total(1)
22:17:28 - [DEBUG] - chr(3) gene(PIK3CA) processed(3 of 4)
22:17:30 - [DEBUG] - genes(ETV4) bamReadCount(52089) depth(bases=4767 perc=0.002 max=321)
22:17:30 - [DEBUG] - genes(ETV4) catCounts(all=14960.50 trans=13501.9)
22:17:30 - [DEBUG] - chr(17) gene(ETV4) transCombo(gene=40 total=221)
22:17:30 - [DEBUG] - gene(ETV4) totalFragments(14961) fitTotal(14960) residuals(5811 perc=0.388)
22:17:30 - [DEBUG] - chr(17) processing 12 local chimeric read groups
22:17:30 - [DEBUG] - chr(17) chimeric fragments(2 disc=0 junc=2) fusions(loc=1 total=2)
22:17:30 - [DEBUG] - chr(17) passing fusions(0) from total(0)
22:17:30 - [DEBUG] - chr(17) gene(ETV4) processed(3 of 4)
22:17:32 - [DEBUG] - genes(EGFR) bamReadCount(965427) depth(bases=20158 perc=0.007 max=2292)
22:17:32 - [DEBUG] - genes(EGFR) catCounts(all=351304.50 trans=327804.9)
22:17:32 - [DEBUG] - chr(7) gene(EGFR) transCombo(gene=35 total=125)
22:17:32 - [DEBUG] - gene(1:EGFR) categories(act=35 exp=48 trans+genes=12) skippedCounts(2 perc=0.000 of total=351305)
22:17:32 - [DEBUG] - gene(EGFR) totalFragments(351303) fitTotal(351303) residuals(79632 perc=0.227)
22:17:32 - [DEBUG] - chr(7) processing 138 local chimeric read groups
22:17:32 - [DEBUG] - chr(7) chimeric fragments(26 disc=0 junc=26) fusions(loc=1 total=24)
22:17:32 - [DEBUG] - chr(7) passing fusions(0) from total(2)
22:17:32 - [DEBUG] - chr(7) gene(EGFR) processed(2 of 4)
22:17:33 - [DEBUG] - genes(ETV5) bamReadCount(144593) depth(bases=18023 perc=0.006 max=668)
22:17:33 - [DEBUG] - genes(ETV5) catCounts(all=51843.90 trans=48389.2)
22:17:33 - [DEBUG] - chr(3) gene(ETV5) transCombo(gene=42 total=166)
22:17:33 - [DEBUG] - gene(1:ETV5) categories(act=42 exp=63 trans+genes=16) skippedCounts(47 perc=0.001 of total=51844)
22:17:33 - [DEBUG] - gene(ETV5) totalFragments(51796) fitTotal(51796) residuals(10814 perc=0.209)
22:17:33 - [DEBUG] - chr(3) processing 49 local chimeric read groups
22:17:33 - [DEBUG] - chr(3) chimeric fragments(6 disc=0 junc=6) fusions(loc=1 total=6)
22:17:33 - [DEBUG] - chr(3) passing fusions(0) from total(0)
22:17:33 - [DEBUG] - chr(3) gene(ETV5) processed(4 of 4)
22:17:33 - [DEBUG] - combined chromosomes(3 & 22) existing(12) new(1) complete(1)
22:17:33 - [DEBUG] - added chromosomes(3 & 11) newGroups(1) new hardFiltered(0)
22:17:33 - [DEBUG] - added chromosomes(3 & 1) newGroups(1) new hardFiltered(0)
22:17:33 - [DEBUG] - combined chromosomes(3 & 12) existing(5) new(0) complete(1)
22:17:33 - [DEBUG] - combined chromosomes(3 & 2) existing(11) new(1) complete(2)
22:17:33 - [DEBUG] - added chromosomes(3 & 5) newGroups(2) new hardFiltered(0)
22:17:33 - [DEBUG] - added chromosomes(3 & 17) newGroups(1) new hardFiltered(0)
22:17:33 - [DEBUG] - added chromosomes(3 & 19) newGroups(1) new hardFiltered(0)
22:17:33 - [DEBUG] - added chromosomes(3 & 8) newGroups(1) new hardFiltered(0)
22:17:33 - [INFO ] - chr(3) complete(2) partials chr(10) total(53 -> 58), filtered chr(0 -> 0) total(18 -> 17)
22:17:33 - [INFO ] - chr(3) processing 2 inter-chromosome chimeric read groups
22:17:33 - [DEBUG] - chr(3) chimeric fragments(1 disc=0 junc=1) fusions(loc=1 total=1)
22:17:33 - [DEBUG] - chr(3) passing fusions(0) from total(0)
22:17:33 - [INFO ] - chr(3) fusion processing complete, hard-filtered(31)
22:17:33 - [DEBUG] - genes(FGFR1) bamReadCount(507781) depth(bases=43728 perc=0.015 max=2116)
22:17:33 - [DEBUG] - genes(FGFR1) catCounts(all=176268.00 trans=165645.0)
22:17:33 - [DEBUG] - chr(8) gene(FGFR1) transCombo(gene=170 total=215)
22:17:33 - [DEBUG] - gene(1:FGFR1) categories(act=170 exp=225 trans+genes=41) skippedCounts(764 perc=0.004 of total=176268)
22:17:33 - [DEBUG] - gene(FGFR1) totalFragments(175501) fitTotal(175501) residuals(84448 perc=0.481)
22:17:33 - [DEBUG] - chr(8) processing 38 local chimeric read groups
22:17:33 - [DEBUG] - chr(8) chimeric fragments(8 disc=0 junc=8) fusions(loc=1 total=8)
22:17:33 - [DEBUG] - chr(8) passing fusions(0) from total(1)
22:17:33 - [DEBUG] - chr(8) gene(FGFR1) processed(2 of 3)
22:17:37 - [DEBUG] - genes(NOTCH1) bamReadCount(692872) depth(bases=15745 perc=0.005 max=1257)
22:17:37 - [DEBUG] - genes(NOTCH1) catCounts(all=244515.50 trans=228869.6)
22:17:37 - [DEBUG] - chr(9) gene(NOTCH1) transCombo(gene=9 total=95)
22:17:37 - [DEBUG] - gene(NOTCH1) totalFragments(244516) fitTotal(244516) residuals(22305 perc=0.091)
22:17:37 - [DEBUG] - chr(9) processing 123 local chimeric read groups
22:17:37 - [DEBUG] - chr(9) chimeric fragments(13 disc=0 junc=13) fusions(loc=1 total=13)
22:17:37 - [DEBUG] - chr(9) passing fusions(0) from total(0)
22:17:37 - [DEBUG] - chr(9) gene(NOTCH1) processed(5 of 5)
22:17:37 - [DEBUG] - added chromosomes(9 & 11) newGroups(4) new hardFiltered(12)
22:17:37 - [DEBUG] - combined chromosomes(9 & 13) existing(3) new(0) complete(0)
22:17:37 - [DEBUG] - combined chromosomes(9 & 15) existing(3) new(1) complete(1)
22:17:37 - [DEBUG] - added chromosomes(9 & 17) newGroups(1) new hardFiltered(12)
22:17:37 - [DEBUG] - combined chromosomes(9 & 18) existing(2) new(2) complete(3)
22:17:37 - [DEBUG] - added chromosomes(9 & 19) newGroups(2) new hardFiltered(12)
22:17:37 - [DEBUG] - added chromosomes(9 & 1) newGroups(3) new hardFiltered(12)
22:17:37 - [DEBUG] - combined chromosomes(9 & 2) existing(10) new(1) complete(4)
22:17:37 - [DEBUG] - added chromosomes(9 & 5) newGroups(3) new hardFiltered(12)
22:17:37 - [DEBUG] - added chromosomes(9 & 7) newGroups(2) new hardFiltered(12)
22:17:37 - [DEBUG] - added chromosomes(9 & X) newGroups(0) new hardFiltered(12)
22:17:37 - [DEBUG] - added chromosomes(9 & 8) newGroups(3) new hardFiltered(12)
22:17:37 - [DEBUG] - combined chromosomes(9 & 21) existing(2) new(2) complete(6)
22:17:37 - [DEBUG] - combined chromosomes(9 & 10) existing(5) new(1) complete(7)
22:17:37 - [INFO ] - chr(9) complete(7) partials chr(27) total(58 -> 68), filtered chr(12 -> 11) total(17 -> 26)
22:17:37 - [INFO ] - chr(9) processing 7 inter-chromosome chimeric read groups
22:17:37 - [DEBUG] - chr(9) chimeric fragments(5 disc=2 junc=3) fusions(loc=3 total=3)
22:17:37 - [DEBUG] - chr(9) passing fusions(0) from total(0)
22:17:37 - [INFO ] - chr(9) fusion processing complete, hard-filtered(50)
22:17:37 - [DEBUG] - genes(RPS6KB1) bamReadCount(265360) depth(bases=11339 perc=0.004 max=1172)
22:17:37 - [DEBUG] - genes(RPS6KB1) catCounts(all=97940.20 trans=85858.9)
22:17:37 - [DEBUG] - chr(17) gene(RPS6KB1) transCombo(gene=56 total=277)
22:17:37 - [DEBUG] - gene(1:RPS6KB1) categories(act=56 exp=65 trans+genes=13) skippedCounts(224 perc=0.002 of total=97940)
22:17:37 - [DEBUG] - gene(RPS6KB1) totalFragments(97716) fitTotal(97716) residuals(19622 perc=0.201)
22:17:37 - [DEBUG] - chr(17) processing 21 local chimeric read groups
22:17:37 - [DEBUG] - chr(17) chimeric fragments(5 disc=0 junc=5) fusions(loc=1 total=5)
22:17:37 - [DEBUG] - chr(17) passing fusions(0) from total(0)
22:17:37 - [DEBUG] - chr(17) gene(RPS6KB1) processed(4 of 4)
22:17:37 - [DEBUG] - combined chromosomes(17 & 22) existing(11) new(1) complete(1)
22:17:37 - [DEBUG] - combined chromosomes(17 & 3) existing(6) new(1) complete(2)
22:17:37 - [DEBUG] - added chromosomes(17 & 4) newGroups(3) new hardFiltered(0)
22:17:37 - [DEBUG] - added chromosomes(17 & 5) newGroups(1) new hardFiltered(0)
22:17:37 - [DEBUG] - added chromosomes(17 & 7) newGroups(7) new hardFiltered(0)
22:17:37 - [DEBUG] - combined chromosomes(17 & 18) existing(0) new(2) complete(4)
22:17:37 - [DEBUG] - added chromosomes(17 & 19) newGroups(2) new hardFiltered(0)
22:17:37 - [DEBUG] - combined chromosomes(17 & 9) existing(17) new(1) complete(5)
22:17:37 - [INFO ] - chr(17) complete(5) partials chr(19) total(68 -> 76), filtered chr(0 -> 0) total(26 -> 25)
22:17:37 - [INFO ] - chr(17) processing 5 inter-chromosome chimeric read groups
22:17:37 - [DEBUG] - chr(17) chimeric fragments(3 disc=0 junc=3) fusions(loc=3 total=3)
22:17:37 - [DEBUG] - chr(17) passing fusions(0) from total(0)
22:17:37 - [INFO ] - chr(17) fusion processing complete, hard-filtered(17)
22:17:39 - [DEBUG] - genes(PDGFRA) bamReadCount(1657628) depth(bases=15309 perc=0.005 max=3042)
22:17:39 - [DEBUG] - genes(PDGFRA) catCounts(all=597834.70 trans=574829.6)
22:17:39 - [DEBUG] - chr(4) gene(PDGFRA) transCombo(gene=45 total=68)
22:17:39 - [DEBUG] - gene(1:PDGFRA) categories(act=45 exp=51 trans+genes=11) skippedCounts(119 perc=0.000 of total=597835)
22:17:39 - [DEBUG] - gene(PDGFRA) totalFragments(597716) fitTotal(597716) residuals(71603 perc=0.120)
22:17:39 - [DEBUG] - chr(4) processing 220 local chimeric read groups
22:17:39 - [DEBUG] - chr(4) chimeric fragments(52 disc=0 junc=52) fusions(loc=1 total=47)
22:17:39 - [DEBUG] - chr(4) passing fusions(0) from total(4)
22:17:39 - [DEBUG] - chr(4) gene(PDGFRA) processed(2 of 4)
22:17:40 - [DEBUG] - genes(MYC) bamReadCount(310648) depth(bases=5421 perc=0.002 max=1624)
22:17:40 - [DEBUG] - genes(MYC) catCounts(all=111448.50 trans=102956.9)
22:17:40 - [DEBUG] - chr(8) gene(MYC) transCombo(gene=18 total=233)
22:17:40 - [DEBUG] - gene(1:MYC) categories(act=18 exp=20 trans+genes=6) skippedCounts(3 perc=0.000 of total=111448)
22:17:40 - [DEBUG] - gene(MYC) totalFragments(111445) fitTotal(111445) residuals(42459 perc=0.381)
22:17:40 - [DEBUG] - chr(8) processing 45 local chimeric read groups
22:17:40 - [DEBUG] - chr(8) chimeric fragments(7 disc=0 junc=7) fusions(loc=1 total=7)
22:17:40 - [DEBUG] - chr(8) passing fusions(0) from total(0)
22:17:40 - [DEBUG] - chr(8) gene(MYC) processed(3 of 3)
22:17:40 - [DEBUG] - combined chromosomes(8 & 22) existing(7) new(4) complete(4)
22:17:40 - [DEBUG] - added chromosomes(8 & 11) newGroups(5) new hardFiltered(0)
22:17:40 - [DEBUG] - added chromosomes(8 & 1) newGroups(1) new hardFiltered(0)
22:17:40 - [DEBUG] - combined chromosomes(8 & 2) existing(7) new(3) complete(7)
22:17:40 - [DEBUG] - combined chromosomes(8 & 3) existing(5) new(1) complete(8)
22:17:40 - [DEBUG] - added chromosomes(8 & 4) newGroups(2) new hardFiltered(0)
22:17:40 - [DEBUG] - added chromosomes(8 & 5) newGroups(2) new hardFiltered(0)
22:17:40 - [DEBUG] - added chromosomes(8 & 7) newGroups(8) new hardFiltered(0)
22:17:40 - [DEBUG] - added chromosomes(8 & 19) newGroups(9) new hardFiltered(0)
22:17:40 - [DEBUG] - added chromosomes(8 & X) newGroups(0) new hardFiltered(0)
22:17:40 - [DEBUG] - combined chromosomes(8 & 9) existing(14) new(3) complete(11)
22:17:40 - [DEBUG] - combined chromosomes(8 & 10) existing(3) new(2) complete(13)
22:17:40 - [INFO ] - chr(8) complete(13) partials chr(41) total(76 -> 90), filtered chr(0 -> 0) total(25 -> 25)
22:17:40 - [INFO ] - chr(8) processing 13 inter-chromosome chimeric read groups
22:17:40 - [DEBUG] - chr(8) chimeric fragments(5 disc=2 junc=3) fusions(loc=3 total=3)
22:17:40 - [DEBUG] - chr(8) passing fusions(0) from total(0)
22:17:40 - [INFO ] - chr(8) fusion processing complete, hard-filtered(17)
22:17:40 - [DEBUG] - genes(NOTCH3) bamReadCount(1876257) depth(bases=16964 perc=0.006 max=4007)
22:17:40 - [DEBUG] - genes(NOTCH3) catCounts(all=660023.80 trans=623868.6)
22:17:40 - [DEBUG] - chr(19) gene(NOTCH3) transCombo(gene=24 total=24)
22:17:40 - [DEBUG] - gene(NOTCH3) totalFragments(660024) fitTotal(660024) residuals(63223 perc=0.096)
22:17:40 - [DEBUG] - chr(19) processing 124 local chimeric read groups
22:17:40 - [DEBUG] - chr(19) chimeric fragments(16 disc=0 junc=16) fusions(loc=1 total=15)
22:17:40 - [DEBUG] - chr(19) passing fusions(0) from total(2)
22:17:40 - [DEBUG] - chr(19) gene(NOTCH3) processed(1 of 2)
22:17:45 - [DEBUG] - genes(KIT) bamReadCount(152445) depth(bases=8948 perc=0.003 max=511)
22:17:45 - [DEBUG] - genes(KIT) catCounts(all=54190.50 trans=50203.7)
22:17:45 - [DEBUG] - chr(4) gene(KIT) transCombo(gene=13 total=81)
22:17:45 - [DEBUG] - gene(KIT) totalFragments(54190) fitTotal(54190) residuals(8976 perc=0.166)
22:17:45 - [DEBUG] - chr(4) processing 31 local chimeric read groups
22:17:45 - [DEBUG] - chr(4) chimeric fragments(3 disc=0 junc=3) fusions(loc=1 total=3)
22:17:45 - [DEBUG] - chr(4) passing fusions(0) from total(0)
22:17:45 - [DEBUG] - chr(4) gene(KIT) processed(3 of 4)
22:17:48 - [DEBUG] - genes(KDR) bamReadCount(113945) depth(bases=9069 perc=0.003 max=361)
22:17:48 - [DEBUG] - genes(KDR) catCounts(all=38277.80 trans=35583.1)
22:17:48 - [DEBUG] - chr(4) gene(KDR) transCombo(gene=9 total=90)
22:17:48 - [DEBUG] - gene(KDR) totalFragments(38278) fitTotal(38278) residuals(2062 perc=0.054)
22:17:48 - [DEBUG] - chr(4) processing 12 local chimeric read groups
22:17:48 - [DEBUG] - chr(4) chimeric fragments(1 disc=0 junc=1) fusions(loc=1 total=1)
22:17:48 - [DEBUG] - chr(4) passing fusions(0) from total(0)
22:17:48 - [DEBUG] - chr(4) gene(KDR) processed(4 of 4)
22:17:48 - [DEBUG] - added chromosomes(4 & 11) newGroups(1) new hardFiltered(1)
22:17:48 - [DEBUG] - combined chromosomes(4 & 22) existing(6) new(1) complete(1)
22:17:48 - [DEBUG] - added chromosomes(4 & 1) newGroups(1) new hardFiltered(1)
22:17:48 - [DEBUG] - combined chromosomes(4 & 2) existing(5) new(2) complete(3)
22:17:48 - [DEBUG] - added chromosomes(4 & 5) newGroups(3) new hardFiltered(1)
22:17:48 - [DEBUG] - combined chromosomes(4 & 17) existing(10) new(3) complete(6)
22:17:48 - [DEBUG] - added chromosomes(4 & 7) newGroups(2) new hardFiltered(1)
22:17:48 - [DEBUG] - added chromosomes(4 & 19) newGroups(1) new hardFiltered(1)
22:17:48 - [DEBUG] - combined chromosomes(4 & 8) existing(25) new(2) complete(8)
22:17:48 - [DEBUG] - combined chromosomes(4 & 9) existing(14) new(0) complete(8)
22:17:48 - [DEBUG] - combined chromosomes(4 & 10) existing(2) new(1) complete(9)
22:17:48 - [DEBUG] - combined chromosomes(4 & 21) existing(1) new(1) complete(10)
22:17:48 - [INFO ] - chr(4) complete(10) partials chr(20) total(90 -> 88), filtered chr(1 -> 1) total(25 -> 24)
22:17:48 - [INFO ] - chr(4) processing 10 inter-chromosome chimeric read groups
22:17:48 - [DEBUG] - chr(4) chimeric fragments(6 disc=1 junc=5) fusions(loc=5 total=5)
22:17:48 - [DEBUG] - chr(4) passing fusions(0) from total(0)
22:17:48 - [INFO ] - chr(4) fusion processing complete, hard-filtered(53)
22:17:50 - [DEBUG] - genes(KMT2A) bamReadCount(1960099) depth(bases=29055 perc=0.010 max=2035)
22:17:50 - [DEBUG] - genes(KMT2A) catCounts(all=723866.10 trans=686002.9)
22:17:50 - [DEBUG] - chr(11) gene(KMT2A) transCombo(gene=53 total=53)
22:17:50 - [DEBUG] - gene(KMT2A) totalFragments(723866) fitTotal(723866) residuals(154108 perc=0.213)
22:17:50 - [DEBUG] - chr(11) processing 283 local chimeric read groups
22:17:50 - [DEBUG] - chr(11) chimeric fragments(62 disc=0 junc=62) fusions(loc=1 total=59)
22:17:50 - [DEBUG] - chr(11) passing fusions(0) from total(4)
22:17:50 - [DEBUG] - chr(11) gene(KMT2A) processed(1 of 3)
22:17:53 - [DEBUG] - genes(NOTCH2) bamReadCount(2772717) depth(bases=22629 perc=0.008 max=16789)
22:17:53 - [DEBUG] - genes(NOTCH2) catCounts(all=910979.20 trans=853610.0)
22:17:53 - [DEBUG] - chr(1) gene(NOTCH2) transCombo(gene=24 total=26)
22:17:53 - [DEBUG] - gene(1:NOTCH2) categories(act=24 exp=25 trans+genes=7) skippedCounts(182 perc=0.000 of total=910979)
22:17:53 - [DEBUG] - gene(NOTCH2) totalFragments(910796) fitTotal(910796) residuals(150478 perc=0.165)
22:17:53 - [DEBUG] - chr(1) processing 332 local chimeric read groups
22:17:53 - [DEBUG] - chr(1) chimeric fragments(40 disc=0 junc=40) fusions(loc=1 total=38)
22:17:53 - [DEBUG] - chr(1) passing fusions(0) from total(2)
22:17:53 - [DEBUG] - chr(1) gene(NOTCH2) processed(2 of 4)
22:17:56 - [DEBUG] - genes(AXL) bamReadCount(645172) depth(bases=10769 perc=0.004 max=2808)
22:17:56 - [DEBUG] - genes(AXL) catCounts(all=223116.90 trans=206111.3)
22:17:56 - [DEBUG] - chr(19) gene(AXL) transCombo(gene=18 total=42)
22:17:56 - [DEBUG] - gene(AXL) totalFragments(223117) fitTotal(223117) residuals(62880 perc=0.282)
22:17:56 - [DEBUG] - chr(19) processing 33 local chimeric read groups
22:17:56 - [DEBUG] - chr(19) chimeric fragments(5 disc=0 junc=5) fusions(loc=1 total=5)
22:17:56 - [DEBUG] - chr(19) passing fusions(0) from total(0)
22:17:56 - [DEBUG] - chr(19) gene(AXL) processed(2 of 2)
22:17:56 - [DEBUG] - added chromosomes(19 & 11) newGroups(2) new hardFiltered(29)
22:17:56 - [DEBUG] - combined chromosomes(19 & 22) existing(4) new(1) complete(1)
22:17:56 - [DEBUG] - added chromosomes(19 & 1) newGroups(7) new hardFiltered(25)
22:17:56 - [DEBUG] - combined chromosomes(19 & 13) existing(1) new(2) complete(3)
22:17:56 - [DEBUG] - combined chromosomes(19 & 4) existing(7) new(1) complete(4)
22:17:56 - [DEBUG] - added chromosomes(19 & 5) newGroups(4) new hardFiltered(25)
22:17:56 - [DEBUG] - added chromosomes(19 & 7) newGroups(2) new hardFiltered(25)
22:17:56 - [DEBUG] - combined chromosomes(19 & 8) existing(16) new(6) complete(10)
22:17:56 - [DEBUG] - combined chromosomes(19 & 9) existing(12) new(1) complete(11)
22:17:56 - [INFO ] - chr(19) complete(11) partials chr(26) total(88 -> 87), filtered chr(29 -> 21) total(24 -> 40)
22:17:56 - [INFO ] - chr(19) processing 11 inter-chromosome chimeric read groups
22:17:56 - [DEBUG] - chr(19) chimeric fragments(5 disc=3 junc=2) fusions(loc=2 total=2)
22:17:56 - [DEBUG] - chr(19) passing fusions(0) from total(0)
22:17:56 - [INFO ] - chr(19) fusion processing complete, hard-filtered(20)
22:17:56 - [DEBUG] - genes(NTRK1) bamReadCount(312515) depth(bases=5091 perc=0.002 max=94)
22:17:56 - [DEBUG] - genes(NTRK1) catCounts(all=3052.60 trans=2217.9)
22:17:56 - [DEBUG] - chr(1) gene(NTRK1) transCombo(gene=31 total=57)
22:17:56 - [DEBUG] - gene(1:NTRK1) categories(act=31 exp=48 trans+genes=11) skippedCounts(19 perc=0.006 of total=3053)
22:17:56 - [DEBUG] - gene(NTRK1) totalFragments(3034) fitTotal(3034) residuals(1474 perc=0.486)
22:17:56 - [DEBUG] - chr(1) gene(NTRK1) processed(3 of 4)
22:18:07 - [DEBUG] - genes(AKT3) bamReadCount(522035) depth(bases=13430 perc=0.004 max=1551)
22:18:07 - [DEBUG] - genes(AKT3) catCounts(all=174576.90 trans=138776.3)
22:18:07 - [DEBUG] - chr(1) gene(AKT3) transCombo(gene=23 total=80)
22:18:07 - [DEBUG] - gene(1:AKT3) categories(act=23 exp=36 trans+genes=11) skippedCounts(23 perc=0.000 of total=174577)
22:18:07 - [DEBUG] - gene(AKT3) totalFragments(174554) fitTotal(174554) residuals(17708 perc=0.101)
22:18:07 - [DEBUG] - chr(1) processing 103 local chimeric read groups
22:18:07 - [DEBUG] - chr(1) chimeric fragments(16 disc=0 junc=16) fusions(loc=1 total=15)
22:18:07 - [DEBUG] - chr(1) passing fusions(0) from total(1)
22:18:07 - [DEBUG] - chr(1) gene(AKT3) processed(4 of 4)
22:18:07 - [DEBUG] - added chromosomes(1 & 11) newGroups(17) new hardFiltered(17)
22:18:07 - [DEBUG] - combined chromosomes(1 & 22) existing(3) new(1) complete(1)
22:18:07 - [DEBUG] - added chromosomes(1 & 5) newGroups(3) new hardFiltered(14)
22:18:07 - [DEBUG] - added chromosomes(1 & 7) newGroups(3) new hardFiltered(14)
22:18:07 - [DEBUG] - combined chromosomes(1 & 19) existing(8) new(7) complete(8)
22:18:07 - [DEBUG] - combined chromosomes(1 & 9) existing(9) new(1) complete(9)
22:18:07 - [INFO ] - chr(1) complete(9) partials chr(32) total(87 -> 99), filtered chr(17 -> 12) total(40 -> 48)
22:18:07 - [INFO ] - chr(1) processing 9 inter-chromosome chimeric read groups
22:18:07 - [DEBUG] - chr(1) chimeric fragments(8 disc=7 junc=1) fusions(loc=1 total=1)
22:18:07 - [DEBUG] - chr(1) passing fusions(0) from total(0)
22:18:07 - [INFO ] - chr(1) fusion processing complete, hard-filtered(51)
22:18:14 - [DEBUG] - genes(MET) bamReadCount(1562291) depth(bases=15210 perc=0.005 max=2697)
22:18:14 - [DEBUG] - genes(MET) catCounts(all=573108.40 trans=547690.6)
22:18:14 - [DEBUG] - chr(7) gene(MET) transCombo(gene=32 total=157)
22:18:14 - [DEBUG] - gene(1:MET) categories(act=32 exp=36 trans+genes=9) skippedCounts(2297 perc=0.004 of total=573108)
22:18:14 - [DEBUG] - gene(MET) totalFragments(570811) fitTotal(570811) residuals(64230 perc=0.113)
22:18:14 - [DEBUG] - chr(7) processing 240 local chimeric read groups
22:18:14 - [DEBUG] - chr(7) chimeric fragments(44 disc=0 junc=44) fusions(loc=1 total=43)
22:18:14 - [DEBUG] - chr(7) passing fusions(0) from total(2)
22:18:14 - [DEBUG] - chr(7) gene(MET) processed(3 of 4)
22:18:20 - [DEBUG] - genes(BRAF) bamReadCount(202861) depth(bases=8338 perc=0.003 max=1109)
22:18:20 - [DEBUG] - genes(BRAF) catCounts(all=68460.80 trans=58884.0)
22:18:20 - [DEBUG] - chr(7) gene(BRAF) transCombo(gene=22 total=179)
22:18:20 - [DEBUG] - gene(BRAF) totalFragments(68461) fitTotal(68461) residuals(24284 perc=0.355)
22:18:20 - [DEBUG] - chr(7) processing 28 local chimeric read groups
22:18:20 - [DEBUG] - chr(7) chimeric fragments(3 disc=0 junc=3) fusions(loc=1 total=3)
22:18:20 - [DEBUG] - chr(7) passing fusions(0) from total(0)
22:18:20 - [DEBUG] - chr(7) gene(BRAF) processed(4 of 4)
22:18:20 - [DEBUG] - combined chromosomes(7 & 22) existing(2) new(1) complete(1)
22:18:20 - [DEBUG] - added chromosomes(7 & 11) newGroups(8) new hardFiltered(0)
22:18:20 - [DEBUG] - combined chromosomes(7 & 12) existing(0) new(5) complete(6)
22:18:20 - [DEBUG] - combined chromosomes(7 & 13) existing(1) new(0) complete(6)
22:18:20 - [DEBUG] - combined chromosomes(7 & 15) existing(2) new(1) complete(7)
22:18:20 - [DEBUG] - combined chromosomes(7 & 17) existing(3) new(7) complete(14)
22:18:20 - [DEBUG] - combined chromosomes(7 & 19) existing(6) new(2) complete(16)
22:18:20 - [DEBUG] - combined chromosomes(7 & 1) existing(20) new(3) complete(19)
22:18:20 - [DEBUG] - combined chromosomes(7 & 2) existing(1) new(4) complete(23)
22:18:20 - [DEBUG] - combined chromosomes(7 & 4) existing(5) new(2) complete(25)
22:18:20 - [DEBUG] - added chromosomes(7 & 5) newGroups(6) new hardFiltered(0)
22:18:20 - [DEBUG] - combined chromosomes(7 & 8) existing(8) new(8) complete(33)
22:18:20 - [DEBUG] - combined chromosomes(7 & 9) existing(7) new(2) complete(35)
22:18:20 - [INFO ] - chr(7) complete(35) partials chr(55) total(99 -> 78), filtered chr(0 -> 0) total(48 -> 42)
22:18:20 - [INFO ] - chr(7) processing 35 inter-chromosome chimeric read groups
22:18:20 - [DEBUG] - chr(7) chimeric fragments(14 disc=5 junc=9) fusions(loc=9 total=9)
22:18:20 - [DEBUG] - chr(7) passing fusions(0) from total(0)
22:18:20 - [INFO ] - chr(7) fusion processing complete, hard-filtered(80)
22:18:22 - [DEBUG] - genes(PDGFRB) bamReadCount(2778583) depth(bases=32843 perc=0.011 max=4533)
22:18:22 - [DEBUG] - genes(PDGFRB) catCounts(all=981132.70 trans=902825.8)
22:18:22 - [DEBUG] - chr(5) gene(PDGFRB) transCombo(gene=41 total=71)
22:18:22 - [DEBUG] - gene(1:PDGFRB) categories(act=41 exp=39 trans+genes=12) skippedCounts(1638 perc=0.002 of total=981133)
22:18:22 - [DEBUG] - gene(PDGFRB) totalFragments(979494) fitTotal(979494) residuals(141172 perc=0.144)
22:18:22 - [DEBUG] - chr(5) processing 887 local chimeric read groups
22:18:22 - [DEBUG] - chr(5) chimeric fragments(274 disc=211 junc=63) fusions(loc=2 total=60)
22:18:22 - [DEBUG] - chr(5) passing fusions(0) from total(8)
22:18:22 - [DEBUG] - chr(5) gene(PDGFRB) processed(2 of 3)
22:18:24 - [DEBUG] - genes(FGFR4) bamReadCount(29792) depth(bases=5617 perc=0.002 max=152)
22:18:24 - [DEBUG] - genes(FGFR4) catCounts(all=8238.60 trans=7206.5)
22:18:24 - [DEBUG] - chr(5) gene(FGFR4) transCombo(gene=56 total=127)
22:18:24 - [DEBUG] - gene(1:FGFR4) categories(act=56 exp=102 trans+genes=18) skippedCounts(18 perc=0.002 of total=8239)
22:18:24 - [DEBUG] - gene(FGFR4) totalFragments(8220) fitTotal(8220) residuals(3325 perc=0.404)
22:18:24 - [DEBUG] - chr(5) processing 8 local chimeric read groups
22:18:24 - [DEBUG] - chr(5) chimeric fragments(1 disc=0 junc=1) fusions(loc=1 total=1)
22:18:24 - [DEBUG] - chr(5) passing fusions(0) from total(0)
22:18:24 - [DEBUG] - chr(5) gene(FGFR4) processed(3 of 3)
22:18:24 - [DEBUG] - added chromosomes(5 & 11) newGroups(6) new hardFiltered(0)
22:18:24 - [DEBUG] - combined chromosomes(5 & 22) existing(1) new(1) complete(1)
22:18:24 - [DEBUG] - combined chromosomes(5 & 1) existing(17) new(3) complete(4)
22:18:24 - [DEBUG] - combined chromosomes(5 & 3) existing(3) new(2) complete(6)
22:18:24 - [DEBUG] - combined chromosomes(5 & 4) existing(2) new(3) complete(9)
22:18:24 - [DEBUG] - combined chromosomes(5 & 17) existing(2) new(1) complete(10)
22:18:24 - [DEBUG] - combined chromosomes(5 & 7) existing(8) new(6) complete(16)
22:18:24 - [DEBUG] - combined chromosomes(5 & 19) existing(2) new(4) complete(20)
22:18:24 - [DEBUG] - added chromosomes(5 & X) newGroups(0) new hardFiltered(0)
22:18:24 - [DEBUG] - combined chromosomes(5 & 8) existing(6) new(2) complete(22)
22:18:24 - [DEBUG] - combined chromosomes(5 & 9) existing(4) new(3) complete(25)
22:18:24 - [INFO ] - chr(5) complete(25) partials chr(43) total(78 -> 59), filtered chr(0 -> 0) total(42 -> 31)
22:18:24 - [INFO ] - chr(5) processing 25 inter-chromosome chimeric read groups
22:18:24 - [DEBUG] - chr(5) chimeric fragments(19 disc=7 junc=12) fusions(loc=11 total=12)
22:18:24 - [DEBUG] - chr(5) passing fusions(0) from total(0)
22:18:24 - [INFO ] - chr(5) fusion processing complete, hard-filtered(92)
22:18:28 - [DEBUG] - genes(ETS1) bamReadCount(1355936) depth(bases=12003 perc=0.004 max=3287)
22:18:28 - [DEBUG] - genes(ETS1) catCounts(all=488794.70 trans=453490.0)
22:18:28 - [DEBUG] - chr(11) gene(ETS1) transCombo(gene=41 total=94)
22:18:28 - [DEBUG] - gene(1:ETS1) categories(act=41 exp=47 trans+genes=11) skippedCounts(120 perc=0.000 of total=488795)
22:18:28 - [DEBUG] - gene(ETS1) totalFragments(488675) fitTotal(488675) residuals(157751 perc=0.323)
22:18:28 - [DEBUG] - chr(11) processing 196 local chimeric read groups
22:18:28 - [DEBUG] - chr(11) chimeric fragments(29 disc=0 junc=29) fusions(loc=1 total=26)
22:18:28 - [DEBUG] - chr(11) passing fusions(0) from total(2)
22:18:28 - [DEBUG] - chr(11) gene(ETS1) processed(2 of 3)
22:18:35 - [DEBUG] - genes(FLI1) bamReadCount(209209) depth(bases=7848 perc=0.003 max=1243)
22:18:35 - [DEBUG] - genes(FLI1) catCounts(all=76506.20 trans=70322.0)
22:18:35 - [DEBUG] - chr(11) gene(FLI1) transCombo(gene=33 total=127)
22:18:35 - [DEBUG] - gene(1:FLI1) categories(act=33 exp=40 trans+genes=11) skippedCounts(152 perc=0.002 of total=76506)
22:18:35 - [DEBUG] - gene(FLI1) totalFragments(76354) fitTotal(76354) residuals(30947 perc=0.405)
22:18:35 - [DEBUG] - chr(11) processing 29 local chimeric read groups
22:18:35 - [DEBUG] - chr(11) chimeric fragments(7 disc=4 junc=3) fusions(loc=1 total=3)
22:18:35 - [DEBUG] - chr(11) passing fusions(0) from total(1)
22:18:35 - [DEBUG] - chr(11) gene(FLI1) processed(3 of 3)
22:18:35 - [DEBUG] - combined chromosomes(11 & 22) existing(0) new(1) complete(1)
22:18:35 - [DEBUG] - combined chromosomes(11 & 1) existing(0) new(17) complete(18)
22:18:35 - [DEBUG] - combined chromosomes(11 & 12) existing(0) new(0) complete(18)
22:18:35 - [DEBUG] - combined chromosomes(11 & 13) existing(0) new(1) complete(19)
22:18:35 - [DEBUG] - combined chromosomes(11 & 4) existing(1) new(1) complete(20)
22:18:35 - [DEBUG] - combined chromosomes(11 & 5) existing(0) new(5) complete(25)
22:18:35 - [DEBUG] - combined chromosomes(11 & 6) existing(1) new(0) complete(25)
22:18:35 - [DEBUG] - combined chromosomes(11 & 7) existing(0) new(7) complete(32)
22:18:35 - [DEBUG] - combined chromosomes(11 & 19) existing(0) new(2) complete(34)
22:18:35 - [DEBUG] - combined chromosomes(11 & 8) existing(1) new(5) complete(39)
22:18:35 - [DEBUG] - combined chromosomes(11 & 9) existing(0) new(4) complete(43)
22:18:35 - [DEBUG] - combined chromosomes(11 & 10) existing(1) new(1) complete(44)
22:18:35 - [INFO ] - chr(11) complete(44) partials chr(51) total(59 -> 13), filtered chr(9 -> 3) total(31 -> 22)
22:18:35 - [INFO ] - chr(11) processing 44 inter-chromosome chimeric read groups
22:18:35 - [DEBUG] - chr(11) chimeric fragments(18 disc=10 junc=8) fusions(loc=8 total=8)
22:18:35 - [DEBUG] - chr(11) passing fusions(0) from total(0)
22:18:35 - [INFO ] - chr(11) fusion processing complete, hard-filtered(90)
22:18:35 - [INFO ] - read 27067735 total BAM records
22:18:35 - [INFO ] - applying GC adjustments and transcript re-fit
22:18:35 - [DEBUG] - total(9299147) transcript expected GC counts from fit
22:18:35 - [DEBUG] - ratio(0.20) actual(0.000027) expected(0.001038) adjustment(3.000)
22:18:35 - [DEBUG] - ratio(0.21) actual(0.000053) expected(0.001428) adjustment(3.000)
22:18:35 - [DEBUG] - ratio(0.22) actual(0.000116) expected(0.001848) adjustment(3.000)
22:18:35 - [DEBUG] - ratio(0.23) actual(0.000247) expected(0.002325) adjustment(3.000)
22:18:35 - [DEBUG] - ratio(0.24) actual(0.000438) expected(0.002888) adjustment(3.000)
22:18:35 - [DEBUG] - ratio(0.25) actual(0.000828) expected(0.003712) adjustment(3.000)
22:18:35 - [DEBUG] - ratio(0.26) actual(0.001520) expected(0.005029) adjustment(3.000)
22:18:35 - [DEBUG] - ratio(0.27) actual(0.002380) expected(0.006412) adjustment(2.694)
22:18:35 - [DEBUG] - ratio(0.28) actual(0.003338) expected(0.007066) adjustment(2.117)
22:18:35 - [DEBUG] - ratio(0.29) actual(0.004236) expected(0.009026) adjustment(2.131)
22:18:35 - [DEBUG] - ratio(0.30) actual(0.005066) expected(0.009325) adjustment(1.841)
22:18:35 - [DEBUG] - ratio(0.31) actual(0.006162) expected(0.010895) adjustment(1.768)
22:18:35 - [DEBUG] - ratio(0.32) actual(0.008453) expected(0.012778) adjustment(1.512)
22:18:35 - [DEBUG] - ratio(0.33) actual(0.011533) expected(0.013988) adjustment(1.213)
22:18:35 - [DEBUG] - ratio(0.34) actual(0.014193) expected(0.015847) adjustment(1.117)
22:18:35 - [DEBUG] - ratio(0.35) actual(0.016449) expected(0.017598) adjustment(1.070)
22:18:35 - [DEBUG] - ratio(0.36) actual(0.018677) expected(0.019397) adjustment(1.039)
22:18:35 - [DEBUG] - ratio(0.37) actual(0.022025) expected(0.021485) adjustment(0.975)
22:18:35 - [DEBUG] - ratio(0.38) actual(0.026251) expected(0.023627) adjustment(0.900)
22:18:35 - [DEBUG] - ratio(0.39) actual(0.029650) expected(0.026004) adjustment(0.877)
22:18:35 - [DEBUG] - ratio(0.40) actual(0.031872) expected(0.028126) adjustment(0.882)
22:18:35 - [DEBUG] - ratio(0.41) actual(0.032464) expected(0.028512) adjustment(0.878)
22:18:35 - [DEBUG] - ratio(0.42) actual(0.032389) expected(0.027821) adjustment(0.859)
22:18:35 - [DEBUG] - ratio(0.43) actual(0.033541) expected(0.030661) adjustment(0.914)
22:18:35 - [DEBUG] - ratio(0.44) actual(0.034365) expected(0.027708) adjustment(0.806)
22:18:35 - [DEBUG] - ratio(0.45) actual(0.035241) expected(0.028091) adjustment(0.797)
22:18:35 - [DEBUG] - ratio(0.46) actual(0.035160) expected(0.028342) adjustment(0.806)
22:18:35 - [DEBUG] - ratio(0.47) actual(0.032994) expected(0.028277) adjustment(0.857)
22:18:35 - [DEBUG] - ratio(0.48) actual(0.031557) expected(0.028908) adjustment(0.916)
22:18:35 - [DEBUG] - ratio(0.49) actual(0.031260) expected(0.029402) adjustment(0.941)
22:18:35 - [DEBUG] - ratio(0.50) actual(0.033599) expected(0.029263) adjustment(0.871)
22:18:35 - [DEBUG] - ratio(0.51) actual(0.032986) expected(0.028335) adjustment(0.859)
22:18:35 - [DEBUG] - ratio(0.52) actual(0.033960) expected(0.027802) adjustment(0.819)
22:18:35 - [DEBUG] - ratio(0.53) actual(0.034541) expected(0.029010) adjustment(0.840)
22:18:35 - [DEBUG] - ratio(0.54) actual(0.034229) expected(0.030257) adjustment(0.884)
22:18:35 - [DEBUG] - ratio(0.55) actual(0.033475) expected(0.030541) adjustment(0.912)
22:18:35 - [DEBUG] - ratio(0.56) actual(0.032216) expected(0.029641) adjustment(0.920)
22:18:35 - [DEBUG] - ratio(0.57) actual(0.031595) expected(0.029796) adjustment(0.943)
22:18:35 - [DEBUG] - ratio(0.58) actual(0.029785) expected(0.026443) adjustment(0.888)
22:18:35 - [DEBUG] - ratio(0.59) actual(0.026803) expected(0.024387) adjustment(0.910)
22:18:35 - [DEBUG] - ratio(0.60) actual(0.025356) expected(0.023243) adjustment(0.917)
22:18:35 - [DEBUG] - ratio(0.61) actual(0.023477) expected(0.022063) adjustment(0.940)
22:18:35 - [DEBUG] - ratio(0.62) actual(0.021525) expected(0.020598) adjustment(0.957)
22:18:35 - [DEBUG] - ratio(0.63) actual(0.018671) expected(0.019738) adjustment(1.057)
22:18:35 - [DEBUG] - ratio(0.64) actual(0.016184) expected(0.017878) adjustment(1.105)
22:18:35 - [DEBUG] - ratio(0.65) actual(0.014813) expected(0.015844) adjustment(1.070)
22:18:35 - [DEBUG] - ratio(0.66) actual(0.013544) expected(0.014877) adjustment(1.098)
22:18:35 - [DEBUG] - ratio(0.67) actual(0.012045) expected(0.013965) adjustment(1.159)
22:18:35 - [DEBUG] - ratio(0.68) actual(0.010210) expected(0.012469) adjustment(1.221)
22:18:35 - [DEBUG] - ratio(0.69) actual(0.007464) expected(0.010322) adjustment(1.383)
22:18:35 - [DEBUG] - ratio(0.70) actual(0.004770) expected(0.008707) adjustment(1.825)
22:18:35 - [DEBUG] - ratio(0.71) actual(0.002768) expected(0.007809) adjustment(2.821)
22:18:35 - [DEBUG] - ratio(0.72) actual(0.001435) expected(0.005639) adjustment(3.000)
22:18:35 - [DEBUG] - ratio(0.73) actual(0.000773) expected(0.003604) adjustment(3.000)
22:18:35 - [DEBUG] - ratio(0.74) actual(0.000466) expected(0.002925) adjustment(3.000)
22:18:35 - [DEBUG] - ratio(0.75) actual(0.000305) expected(0.002418) adjustment(3.000)
22:18:35 - [DEBUG] - ratio(0.76) actual(0.000170) expected(0.002011) adjustment(3.000)
22:18:35 - [DEBUG] - ratio(0.77) actual(0.000106) expected(0.001584) adjustment(3.000)
22:18:35 - [DEBUG] - ratio(0.78) actual(0.000076) expected(0.001317) adjustment(3.000)
22:18:35 - [DEBUG] - ratio(0.79) actual(0.000050) expected(0.001257) adjustment(3.000)
22:18:35 - [DEBUG] - ratio(0.80) actual(0.000043) expected(0.001157) adjustment(3.000)
22:18:35 - [DEBUG] - gene(1:PPARG) categories(act=50 exp=57 trans+genes=16) skippedCounts(356 perc=0.003 of total=111007)
22:18:35 - [DEBUG] - gene(1:ERBB2) categories(act=95 exp=115 trans+genes=25) skippedCounts(226 perc=0.001 of total=201280)
22:18:35 - [DEBUG] - gene(1:CSF1R) categories(act=30 exp=40 trans+genes=10) skippedCounts(31 perc=0.000 of total=186327)
22:18:35 - [DEBUG] - gene(1:ETV1) categories(act=90 exp=141 trans+genes=25) skippedCounts(252 perc=0.003 of total=76702)
22:18:35 - [DEBUG] - gene(1:JAK2) categories(act=20 exp=25 trans+genes=6) skippedCounts(4 perc=0.000 of total=111592)
22:18:35 - [DEBUG] - gene(1:EWSR1) categories(act=123 exp=155 trans+genes=22) skippedCounts(3165 perc=0.013 of total=235728)
22:18:35 - [DEBUG] - gene(1:NRG1) categories(act=45 exp=103 trans+genes=22) skippedCounts(10 perc=0.006 of total=1552)
22:18:35 - [DEBUG] - gene(PAX7) totalFragments(4) fitTotal(4) residuals(2 perc=0.495)
22:18:35 - [DEBUG] - gene(FGFR3) totalFragments(7953) fitTotal(7953) residuals(1404 perc=0.177)
22:18:35 - [DEBUG] - gene(1:NOTCH2) categories(act=24 exp=25 trans+genes=7) skippedCounts(323 perc=0.000 of total=910979)
22:18:35 - [DEBUG] - gene(ALK) totalFragments(1444) fitTotal(1444) residuals(644 perc=0.446)
22:18:35 - [DEBUG] - gene(1:PDGFRA) categories(act=45 exp=51 trans+genes=11) skippedCounts(186 perc=0.000 of total=597835)
22:18:35 - [DEBUG] - gene(ROS1) totalFragments(91228) fitTotal(91228) residuals(6575 perc=0.072)
22:18:35 - [DEBUG] - gene(PPARG) totalFragments(110648) fitTotal(110648) residuals(45936 perc=0.415)
22:18:35 - [DEBUG] - gene(JAK2) totalFragments(111587) fitTotal(111587) residuals(17207 perc=0.154)
22:18:35 - [DEBUG] - gene(1:CDK4) categories(act=77 exp=108 trans+genes=17) skippedCounts(367 perc=0.005 of total=72188)
22:18:35 - [DEBUG] - gene(KIF5B) totalFragments(370701) fitTotal(370701) residuals(40922 perc=0.110)
22:18:35 - [DEBUG] - gene(1:ESR1) categories(act=27 exp=46 trans+genes=14) skippedCounts(27 perc=0.003 of total=9306)
22:18:35 - [DEBUG] - gene(CSF1R) totalFragments(186295) fitTotal(186295) residuals(38662 perc=0.208)
22:18:35 - [DEBUG] - gene(1:RAF1) categories(act=61 exp=68 trans+genes=15) skippedCounts(15 perc=0.000 of total=123305)
22:18:35 - [DEBUG] - gene(KMT2A) totalFragments(723866) fitTotal(723866) residuals(158386 perc=0.219)
22:18:35 - [DEBUG] - gene(NRG1) totalFragments(1541) fitTotal(1541) residuals(798 perc=0.518)
22:18:35 - [DEBUG] - gene(NOTCH2) totalFragments(910655) fitTotal(910655) residuals(159757 perc=0.175)
22:18:35 - [DEBUG] - gene(EWSR1) totalFragments(232552) fitTotal(232552) residuals(88394 perc=0.380)
22:18:35 - [DEBUG] - gene(1:PDGFRB) categories(act=41 exp=39 trans+genes=12) skippedCounts(1581 perc=0.002 of total=981133)
22:18:35 - [DEBUG] - gene(1:MLLT3) categories(act=32 exp=55 trans+genes=11) skippedCounts(6 perc=0.000 of total=51098)
22:18:35 - [DEBUG] - gene(PDGFRA) totalFragments(597647) fitTotal(597647) residuals(79375 perc=0.133)
22:18:35 - [DEBUG] - gene(EML4) totalFragments(260375) fitTotal(260375) residuals(38083 perc=0.146)
22:18:35 - [DEBUG] - gene(ETV1) totalFragments(76446) fitTotal(76446) residuals(24624 perc=0.322)
22:18:35 - [DEBUG] - gene(1:NTRK1) categories(act=31 exp=48 trans+genes=11) skippedCounts(20 perc=0.007 of total=3053)
22:18:35 - [DEBUG] - gene(1:NTRK3) categories(act=45 exp=70 trans+genes=21) skippedCounts(69 perc=0.004 of total=15848)
22:18:35 - [DEBUG] - gene(1:EGFR) categories(act=35 exp=48 trans+genes=12) skippedCounts(4 perc=0.000 of total=351305)
22:18:35 - [DEBUG] - gene(1:FGFR1) categories(act=170 exp=225 trans+genes=41) skippedCounts(697 perc=0.004 of total=176268)
22:18:35 - [DEBUG] - gene(RAF1) totalFragments(123289) fitTotal(123289) residuals(40174 perc=0.326)
22:18:35 - [DEBUG] - gene(1:PIK3CA) categories(act=13 exp=13 trans+genes=5) skippedCounts(58 perc=0.001 of total=110597)
22:18:35 - [DEBUG] - gene(CDK4) totalFragments(71817) fitTotal(71817) residuals(48836 perc=0.680)
22:18:35 - [DEBUG] - gene(FLT3) totalFragments(15626) fitTotal(15626) residuals(2391 perc=0.153)
22:18:35 - [DEBUG] - gene(ESR1) totalFragments(9279) fitTotal(9279) residuals(1251 perc=0.135)
22:18:35 - [DEBUG] - gene(MSH2) totalFragments(32436) fitTotal(32436) residuals(8340 perc=0.257)
22:18:35 - [DEBUG] - gene(KIT) totalFragments(54190) fitTotal(54190) residuals(10273 perc=0.190)
22:18:35 - [DEBUG] - gene(PDGFRB) totalFragments(979550) fitTotal(979550) residuals(139671 perc=0.143)
22:18:35 - [DEBUG] - gene(MLLT3) totalFragments(51092) fitTotal(51092) residuals(14773 perc=0.289)
22:18:35 - [DEBUG] - gene(NTRK1) totalFragments(3032) fitTotal(3032) residuals(1431 perc=0.472)
22:18:35 - [DEBUG] - gene(1:ERG) categories(act=49 exp=67 trans+genes=17) skippedCounts(68 perc=0.002 of total=33618)
22:18:35 - [DEBUG] - gene(1:ETS1) categories(act=41 exp=47 trans+genes=11) skippedCounts(110 perc=0.000 of total=488795)
22:18:35 - [DEBUG] - gene(PIK3CA) totalFragments(110538) fitTotal(110538) residuals(53055 perc=0.480)
22:18:35 - [DEBUG] - gene(EGFR) totalFragments(351299) fitTotal(351299) residuals(73600 perc=0.210)
22:18:35 - [DEBUG] - gene(1:AKT3) categories(act=23 exp=36 trans+genes=11) skippedCounts(21 perc=0.000 of total=174577)
22:18:35 - [DEBUG] - gene(RET) totalFragments(1197) fitTotal(1197) residuals(262 perc=0.219)
22:18:35 - [DEBUG] - gene(1:BCL2) categories(act=12 exp=13 trans+genes=6) skippedCounts(2 perc=0.000 of total=41418)
22:18:35 - [DEBUG] - gene(ERBB2) totalFragments(201051) fitTotal(201051) residuals(68844 perc=0.342)
22:18:35 - [DEBUG] - gene(1:FGFR4) categories(act=56 exp=102 trans+genes=18) skippedCounts(22 perc=0.003 of total=8239)
22:18:35 - [DEBUG] - gene(1:ETV5) categories(act=42 exp=63 trans+genes=16) skippedCounts(46 perc=0.001 of total=51844)
22:18:35 - [DEBUG] - gene(1:FGFR2) categories(act=72 exp=107 trans+genes=23) skippedCounts(177 perc=0.008 of total=22932)
22:18:35 - [DEBUG] - gene(PAX3) totalFragments(42) fitTotal(42) residuals(40 perc=0.956)
22:18:35 - [DEBUG] - gene(NTRK3) totalFragments(15777) fitTotal(15777) residuals(4736 perc=0.300)
22:18:35 - [DEBUG] - gene(KDR) totalFragments(38278) fitTotal(38278) residuals(1261 perc=0.033)
22:18:35 - [DEBUG] - gene(1:BRCA1) categories(act=86 exp=202 trans+genes=32) skippedCounts(51 perc=0.002 of total=27189)
22:18:35 - [DEBUG] - gene(FLT1) totalFragments(97276) fitTotal(97276) residuals(10710 perc=0.110)
22:18:35 - [DEBUG] - gene(NOTCH3) totalFragments(660024) fitTotal(660024) residuals(75815 perc=0.115)
22:18:35 - [DEBUG] - gene(1:MET) categories(act=32 exp=36 trans+genes=9) skippedCounts(2155 perc=0.004 of total=573108)
22:18:35 - [DEBUG] - gene(NTRK2) totalFragments(87927) fitTotal(87927) residuals(6982 perc=0.079)
22:18:35 - [DEBUG] - gene(AKT3) totalFragments(174555) fitTotal(174555) residuals(16941 perc=0.097)
22:18:35 - [DEBUG] - gene(BCL2) totalFragments(41416) fitTotal(41416) residuals(5626 perc=0.136)
22:18:35 - [DEBUG] - gene(ERG) totalFragments(33549) fitTotal(33549) residuals(7977 perc=0.238)
22:18:35 - [DEBUG] - gene(ETS1) totalFragments(488683) fitTotal(488683) residuals(145580 perc=0.298)
22:18:35 - [DEBUG] - gene(1:TMPRSS2) categories(act=32 exp=47 trans+genes=12) skippedCounts(37 perc=0.001 of total=46221)
22:18:35 - [DEBUG] - gene(ETV5) totalFragments(51797) fitTotal(51797) residuals(9852 perc=0.190)
22:18:35 - [DEBUG] - gene(1:FLI1) categories(act=33 exp=40 trans+genes=11) skippedCounts(153 perc=0.002 of total=76506)
22:18:35 - [DEBUG] - gene(AR) totalFragments(50051) fitTotal(50051) residuals(3500 perc=0.070)
22:18:35 - [DEBUG] - gene(FGFR4) totalFragments(8216) fitTotal(8216) residuals(3117 perc=0.379)
22:18:35 - [DEBUG] - gene(BRCA2) totalFragments(16638) fitTotal(16638) residuals(3180 perc=0.191)
22:18:35 - [DEBUG] - gene(AXL) totalFragments(223117) fitTotal(223117) residuals(61043 perc=0.274)
22:18:35 - [DEBUG] - gene(ABL1) totalFragments(168277) fitTotal(168277) residuals(13678 perc=0.081)
22:18:35 - [DEBUG] - gene(MET) totalFragments(570953) fitTotal(570953) residuals(70616 perc=0.124)
22:18:35 - [DEBUG] - gene(FGFR2) totalFragments(22751) fitTotal(22751) residuals(10247 perc=0.450)
22:18:35 - [DEBUG] - gene(FLI1) totalFragments(76352) fitTotal(76352) residuals(28573 perc=0.374)
22:18:35 - [DEBUG] - gene(TMPRSS2) totalFragments(46183) fitTotal(46183) residuals(11443 perc=0.248)
22:18:35 - [DEBUG] - gene(NOTCH1) totalFragments(244516) fitTotal(244516) residuals(9811 perc=0.040)
22:18:35 - [DEBUG] - gene(BRAF) totalFragments(68461) fitTotal(68461) residuals(22539 perc=0.329)
22:18:35 - [DEBUG] - gene(FGFR1) totalFragments(175557) fitTotal(175557) residuals(81121 perc=0.462)
22:18:35 - [DEBUG] - gene(BRCA1) totalFragments(27137) fitTotal(27137) residuals(8823 perc=0.325)
22:18:35 - [DEBUG] - gene(1:MYC) categories(act=18 exp=20 trans+genes=6) skippedCounts(2 perc=0.000 of total=111448)
22:18:35 - [DEBUG] - gene(MYC) totalFragments(111446) fitTotal(111446) residuals(36186 perc=0.325)
22:18:35 - [DEBUG] - gene(ETV4) totalFragments(14960) fitTotal(14960) residuals(5920 perc=0.396)
22:18:35 - [DEBUG] - gene(1:RPS6KB1) categories(act=56 exp=65 trans+genes=13) skippedCounts(211 perc=0.002 of total=97940)
22:18:35 - [DEBUG] - gene(RPS6KB1) totalFragments(97725) fitTotal(97725) residuals(23254 perc=0.238)
22:18:35 - [INFO ] - loaded 55 panel gene TPM adjustment factors from file(isofox.gene_normalisation.tso500.37.csv)
22:18:35 - [INFO ] - overall chimeric stats: junc=0 locInterGene=365 candRealgn=0 bnd=291 inv=3261
22:18:35 - [INFO ] - all fusion tasks complete: incompleteGroups(13) RAC frags(5192 assigned=1 groups=41) hardFiltered(656 supps=68)
22:18:35 - [INFO ] - Isofox complete, mins(1.963)
