22:09:04 - [INFO ] - Isofox version 1.7.2
22:09:04 - [INFO ] - running function(s): TRANSCRIPT_COUNTS,ALT_SPLICE_JUNCTIONS,FUSIONS,RETAINED_INTRONS
22:09:04 - [INFO ] - file(tso500_rna_gene_ids.csv) loaded 55 restricted genes
22:09:04 - [INFO ] - loaded known fusion data: KNOWN_PAIR(414), PROMISCUOUS_5(38), PROMISCUOUS_3(40), IG_KNOWN_PAIR(21), IG_PROMISCUOUS(2), EXON_DEL_DUP(15), PROMISCUOUS_ENHANCER_TARGET(3)
22:09:04 - [DEBUG] - loaded 55 gene records
22:09:05 - [DEBUG] - loaded 55 genes with 592 transcripts records and 5695 exons
22:09:05 - [INFO ] - loaded 55 gene expected counts from file(read_93_exp_counts.37.csv)
22:09:05 - [INFO ] - loaded 667 transcript expected GC ratios from file(read_93_exp_gc_ratios.37.csv)
22:09:05 - [INFO ] - sample(IPD2051-R03-P01-A08) running RNA analysis
22:09:06 - [DEBUG] - calculating fragment size for chromosome(11) geneCount(3)
22:09:06 - [DEBUG] - calculating fragment size for chromosome(22) geneCount(1)
22:09:06 - [DEBUG] - calculating fragment size for chromosome(12) geneCount(1)
22:09:06 - [DEBUG] - calculating fragment size for chromosome(13) geneCount(3)
22:09:06 - [DEBUG] - calculating fragment size for chromosome(15) geneCount(1)
22:09:06 - [DEBUG] - calculating fragment size for chromosome(18) geneCount(1)
22:09:06 - [DEBUG] - calculating fragment size for chromosome(17) geneCount(4)
22:09:06 - [DEBUG] - calculating fragment size for chromosome(19) geneCount(2)
22:09:06 - [DEBUG] - calculating fragment size for chromosome(1) geneCount(4)
22:09:06 - [DEBUG] - calculating fragment size for chromosome(2) geneCount(4)
22:09:06 - [DEBUG] - calculating fragment size for chromosome(3) geneCount(4)
22:09:06 - [DEBUG] - calculating fragment size for chromosome(4) geneCount(4)
22:09:06 - [DEBUG] - calculating fragment size for chromosome(5) geneCount(3)
22:09:06 - [DEBUG] - calculating fragment size for chromosome(6) geneCount(2)
22:09:06 - [DEBUG] - calculating fragment size for chromosome(7) geneCount(4)
22:09:06 - [DEBUG] - calculating fragment size for chromosome(X) geneCount(1)
22:09:06 - [DEBUG] - chromosome(6) processing complete
22:09:06 - [DEBUG] - calculating fragment size for chromosome(8) geneCount(3)
22:09:06 - [DEBUG] - chromosome(X) processing complete
22:09:06 - [DEBUG] - calculating fragment size for chromosome(9) geneCount(5)
22:09:07 - [DEBUG] - chromosome(18) processing complete
22:09:07 - [DEBUG] - calculating fragment size for chromosome(10) geneCount(3)
22:09:07 - [DEBUG] - currentGenes(FLT1) reached max fragment count
22:09:07 - [DEBUG] - chromosome(12) processing complete
22:09:07 - [DEBUG] - calculating fragment size for chromosome(21) geneCount(2)
22:09:07 - [DEBUG] - chromosome(21) processing complete
22:09:07 - [DEBUG] - chromosome(13) processing complete
22:09:07 - [DEBUG] - chromosome(8) processing complete
22:09:08 - [DEBUG] - chromosome(2) processing complete
22:09:08 - [DEBUG] - chromosome(15) processing complete
22:09:08 - [DEBUG] - currentGenes(AKT3) reached max fragment count
22:09:08 - [DEBUG] - chromosome(1) processing complete
22:09:08 - [DEBUG] - chromosome(5) processing complete
22:09:08 - [DEBUG] - chromosome(22) processing complete
22:09:08 - [DEBUG] - chromosome(19) processing complete
22:09:08 - [DEBUG] - chromosome(17) processing complete
22:09:09 - [DEBUG] - chromosome(3) processing complete
22:09:10 - [DEBUG] - chromosome(10) processing complete
22:09:12 - [DEBUG] - chromosome(11) processing complete
22:09:15 - [DEBUG] - chromosome(9) processing complete
22:09:17 - [DEBUG] - chromosome(4) processing complete
22:09:32 - [DEBUG] - chromosome(7) processing complete
22:09:32 - [INFO ] - max observed read length(93) set
22:09:32 - [INFO ] - fragmentLength(50) frequency(160)
22:09:32 - [INFO ] - fragmentLength(75) frequency(453)
22:09:32 - [INFO ] - fragmentLength(100) frequency(2309)
22:09:32 - [INFO ] - fragmentLength(125) frequency(1752)
22:09:32 - [INFO ] - fragmentLength(150) frequency(1115)
22:09:32 - [INFO ] - fragmentLength(200) frequency(358)
22:09:32 - [INFO ] - fragmentLength(250) frequency(46)
22:09:32 - [INFO ] - fragmentLength(300) frequency(4)
22:09:32 - [INFO ] - fragmentLength(400) frequency(1)
22:09:32 - [INFO ] - fragmentLength(550) frequency(0)
22:09:32 - [INFO ] - PerfStat(FragLengthDist) intervals(54) total(83.006 avg=1.537 max=22.172)
22:09:32 - [DEBUG] - genes(ROS1) bamReadCount(1388) depth(bases=0 perc=0.000 max=1)
22:09:32 - [DEBUG] - genes(ROS1) catCounts(all=7.00 trans=7.0)
22:09:32 - [DEBUG] - chr(6) gene(ROS1) transCombo(gene=1 total=1)
22:09:32 - [DEBUG] - gene(ROS1) totalFragments(7) fitTotal(7) residuals(9 perc=1.245)
22:09:32 - [DEBUG] - chr(6) gene(ROS1) processed(1 of 2)
22:09:32 - [DEBUG] - genes(FLT3) bamReadCount(1057) depth(bases=1532 perc=0.001 max=9)
22:09:32 - [DEBUG] - genes(FLT3) catCounts(all=205.90 trans=173.0)
22:09:32 - [DEBUG] - chr(13) gene(FLT3) transCombo(gene=6 total=6)
22:09:32 - [DEBUG] - gene(FLT3) totalFragments(206) fitTotal(206) residuals(94 perc=0.458)
22:09:32 - [DEBUG] - chr(13) gene(FLT3) processed(1 of 3)
22:09:32 - [DEBUG] - genes(PAX7) bamReadCount(9686) depth(bases=0 perc=0.000 max=1)
22:09:32 - [DEBUG] - genes(PAX7) catCounts(all=6.00 trans=6.0)
22:09:32 - [DEBUG] - chr(1) gene(PAX7) transCombo(gene=1 total=1)
22:09:32 - [DEBUG] - gene(PAX7) totalFragments(6) fitTotal(6) residuals(3 perc=0.556)
22:09:32 - [DEBUG] - chr(1) gene(PAX7) processed(1 of 4)
22:09:33 - [DEBUG] - genes(PPARG) bamReadCount(4069) depth(bases=2437 perc=0.001 max=182)
22:09:33 - [DEBUG] - genes(PPARG) catCounts(all=886.10 trans=778.5)
22:09:33 - [DEBUG] - chr(3) gene(PPARG) transCombo(gene=24 total=24)
22:09:33 - [DEBUG] - gene(PPARG) totalFragments(886) fitTotal(886) residuals(447 perc=0.505)
22:09:33 - [DEBUG] - chr(3) gene(PPARG) processed(1 of 4)
22:09:33 - [DEBUG] - genes(ESR1) bamReadCount(7057) depth(bases=6858 perc=0.002 max=22)
22:09:33 - [DEBUG] - genes(ESR1) catCounts(all=2139.60 trans=1851.5)
22:09:33 - [DEBUG] - chr(6) gene(ESR1) transCombo(gene=17 total=18)
22:09:33 - [DEBUG] - gene(ESR1) totalFragments(2140) fitTotal(2140) residuals(636 perc=0.297)
22:09:33 - [DEBUG] - chr(6) gene(ESR1) processed(2 of 2)
22:09:33 - [INFO ] - chr(6) complete(0) partials chr(0) total(0 -> 0), filtered chr(2 -> 2) total(0 -> 2)
22:09:35 - [DEBUG] - genes(ALK) bamReadCount(44239) depth(bases=9309 perc=0.003 max=154)
22:09:35 - [DEBUG] - genes(ALK) catCounts(all=14764.10 trans=12629.4)
22:09:35 - [DEBUG] - chr(2) gene(ALK) transCombo(gene=8 total=8)
22:09:35 - [DEBUG] - gene(ALK) totalFragments(14764) fitTotal(14764) residuals(2118 perc=0.143)
22:09:35 - [DEBUG] - genes(NRG1) bamReadCount(18498) depth(bases=8895 perc=0.003 max=54)
22:09:35 - [DEBUG] - genes(NRG1) catCounts(all=5921.30 trans=3975.5)
22:09:35 - [DEBUG] - chr(8) gene(NRG1) transCombo(gene=46 total=46)
22:09:35 - [DEBUG] - chr(2) gene(ALK) processed(1 of 4)
22:09:35 - [DEBUG] - gene(NRG1) totalFragments(5921) fitTotal(5921) residuals(2606 perc=0.440)
22:09:35 - [DEBUG] - chr(8) gene(NRG1) processed(1 of 3)
22:09:36 - [DEBUG] - genes(BCL2) bamReadCount(72273) depth(bases=7407 perc=0.002 max=398)
22:09:36 - [DEBUG] - genes(BCL2) catCounts(all=26689.50 trans=25107.5)
22:09:36 - [DEBUG] - chr(18) gene(BCL2) transCombo(gene=12 total=12)
22:09:36 - [DEBUG] - gene(1:BCL2) categories(act=12 exp=13 trans+genes=6) skippedCounts(8 perc=0.000 of total=26690)
22:09:36 - [DEBUG] - gene(BCL2) totalFragments(26682) fitTotal(26682) residuals(2816 perc=0.106)
22:09:36 - [DEBUG] - chr(18) processing 6 local chimeric read groups
22:09:36 - [DEBUG] - chr(18) chimeric fragments(1 disc=0 junc=1) fusions(loc=1 total=1)
22:09:36 - [DEBUG] - chr(18) passing fusions(0) from total(0)
22:09:36 - [DEBUG] - chr(18) gene(BCL2) processed(1 of 1)
22:09:36 - [DEBUG] - added chromosomes(18 & 11) newGroups(4) new hardFiltered(0)
22:09:36 - [INFO ] - chr(18) complete(0) partials chr(4) total(0 -> 4), filtered chr(0 -> 0) total(2 -> 2)
22:09:36 - [DEBUG] - genes(JAK2) bamReadCount(69600) depth(bases=8336 perc=0.003 max=282)
22:09:36 - [DEBUG] - genes(JAK2) catCounts(all=23780.90 trans=21794.7)
22:09:36 - [DEBUG] - chr(9) gene(JAK2) transCombo(gene=18 total=18)
22:09:36 - [DEBUG] - gene(JAK2) totalFragments(23781) fitTotal(23781) residuals(3063 perc=0.129)
22:09:36 - [DEBUG] - chr(9) gene(JAK2) processed(1 of 5)
22:09:36 - [DEBUG] - genes(FGFR3) bamReadCount(61304) depth(bases=5949 perc=0.002 max=228)
22:09:36 - [DEBUG] - genes(FGFR3) catCounts(all=18377.30 trans=17385.0)
22:09:36 - [DEBUG] - chr(4) gene(FGFR3) transCombo(gene=24 total=24)
22:09:36 - [DEBUG] - gene(FGFR3) totalFragments(18377) fitTotal(18377) residuals(3714 perc=0.202)
22:09:36 - [DEBUG] - chr(4) processing 4 local chimeric read groups
22:09:36 - [DEBUG] - chr(4) chimeric fragments(1 disc=0 junc=1) fusions(loc=1 total=1)
22:09:36 - [DEBUG] - chr(4) passing fusions(0) from total(0)
22:09:36 - [DEBUG] - chr(4) gene(FGFR3) processed(1 of 4)
22:09:37 - [DEBUG] - genes(ERBB2) bamReadCount(42722) depth(bases=8218 perc=0.003 max=142)
22:09:37 - [DEBUG] - genes(ERBB2) catCounts(all=14176.80 trans=13086.5)
22:09:37 - [DEBUG] - chr(17) gene(ERBB2) transCombo(gene=76 total=76)
22:09:37 - [DEBUG] - gene(1:ERBB2) categories(act=76 exp=124 trans+genes=25) skippedCounts(2 perc=0.000 of total=14177)
22:09:37 - [DEBUG] - gene(ERBB2) totalFragments(14175) fitTotal(14175) residuals(6906 perc=0.487)
22:09:37 - [DEBUG] - chr(17) processing 6 local chimeric read groups
22:09:37 - [DEBUG] - chr(17) chimeric fragments(1 disc=0 junc=1) fusions(loc=1 total=1)
22:09:37 - [DEBUG] - chr(17) passing fusions(0) from total(0)
22:09:37 - [DEBUG] - chr(17) gene(ERBB2) processed(1 of 4)
22:09:38 - [DEBUG] - genes(MLLT3) bamReadCount(48083) depth(bases=8549 perc=0.003 max=489)
22:09:38 - [DEBUG] - genes(MLLT3) catCounts(all=15523.10 trans=13325.3)
22:09:38 - [DEBUG] - chr(9) gene(MLLT3) transCombo(gene=31 total=49)
22:09:38 - [DEBUG] - gene(1:MLLT3) categories(act=31 exp=59 trans+genes=11) skippedCounts(18 perc=0.001 of total=15523)
22:09:38 - [DEBUG] - gene(MLLT3) totalFragments(15505) fitTotal(15505) residuals(4632 perc=0.299)
22:09:38 - [DEBUG] - chr(9) processing 11 local chimeric read groups
22:09:38 - [DEBUG] - chr(9) chimeric fragments(4 disc=0 junc=4) fusions(loc=1 total=4)
22:09:38 - [DEBUG] - chr(9) passing fusions(0) from total(0)
22:09:38 - [DEBUG] - chr(9) gene(MLLT3) processed(2 of 5)
22:09:39 - [DEBUG] - genes(FLT1) bamReadCount(198797) depth(bases=14558 perc=0.005 max=606)
22:09:39 - [DEBUG] - genes(FLT1) catCounts(all=69411.20 trans=47207.1)
22:09:39 - [DEBUG] - chr(13) gene(FLT1) transCombo(gene=15 total=21)
22:09:39 - [DEBUG] - gene(FLT1) totalFragments(69411) fitTotal(69411) residuals(9233 perc=0.133)
22:09:39 - [DEBUG] - chr(13) processing 1 local chimeric read groups
22:09:39 - [DEBUG] - chr(13) chimeric fragments(1 disc=1 junc=0) fusions(loc=0 total=0)
22:09:39 - [DEBUG] - chr(13) gene(FLT1) processed(2 of 3)
22:09:40 - [DEBUG] - genes(CSF1R) bamReadCount(185438) depth(bases=8383 perc=0.003 max=915)
22:09:40 - [DEBUG] - genes(CSF1R) catCounts(all=66111.80 trans=62314.6)
22:09:40 - [DEBUG] - chr(5) gene(CSF1R) transCombo(gene=26 total=26)
22:09:40 - [DEBUG] - gene(1:CSF1R) categories(act=26 exp=41 trans+genes=10) skippedCounts(24 perc=0.000 of total=66112)
22:09:40 - [DEBUG] - gene(CSF1R) totalFragments(66088) fitTotal(66088) residuals(20035 perc=0.303)
22:09:40 - [DEBUG] - chr(5) processing 11 local chimeric read groups
22:09:40 - [DEBUG] - chr(5) chimeric fragments(2 disc=0 junc=2) fusions(loc=1 total=2)
22:09:40 - [DEBUG] - chr(5) passing fusions(0) from total(0)
22:09:40 - [DEBUG] - chr(5) gene(CSF1R) processed(1 of 3)
22:09:43 - [DEBUG] - genes(BRCA2) bamReadCount(144337) depth(bases=13526 perc=0.005 max=280)
22:09:43 - [DEBUG] - genes(BRCA2) catCounts(all=51879.40 trans=48315.1)
22:09:43 - [DEBUG] - chr(13) gene(BRCA2) transCombo(gene=15 total=36)
22:09:43 - [DEBUG] - gene(BRCA2) totalFragments(51879) fitTotal(51879) residuals(5619 perc=0.108)
22:09:43 - [DEBUG] - chr(13) processing 5 local chimeric read groups
22:09:43 - [DEBUG] - chr(13) chimeric fragments(1 disc=0 junc=1) fusions(loc=1 total=1)
22:09:43 - [DEBUG] - chr(13) passing fusions(0) from total(0)
22:09:43 - [DEBUG] - chr(13) gene(BRCA2) processed(3 of 3)
22:09:43 - [DEBUG] - added chromosomes(13 & 4) newGroups(12) new hardFiltered(2)
22:09:43 - [INFO ] - chr(13) complete(0) partials chr(12) total(4 -> 16), filtered chr(2 -> 2) total(2 -> 4)
22:09:43 - [DEBUG] - genes(CDK4) bamReadCount(220728) depth(bases=8223 perc=0.003 max=2549)
22:09:43 - [DEBUG] - genes(CDK4) catCounts(all=75690.10 trans=68899.3)
22:09:43 - [DEBUG] - chr(12) gene(CDK4) transCombo(gene=75 total=75)
22:09:43 - [DEBUG] - gene(1:CDK4) categories(act=75 exp=144 trans+genes=17) skippedCounts(354 perc=0.005 of total=75690)
22:09:43 - [DEBUG] - gene(CDK4) totalFragments(75336) fitTotal(75336) residuals(56512 perc=0.750)
22:09:43 - [DEBUG] - chr(12) processing 14 local chimeric read groups
22:09:43 - [DEBUG] - chr(12) chimeric fragments(4 disc=0 junc=4) fusions(loc=1 total=4)
22:09:43 - [DEBUG] - chr(12) passing fusions(0) from total(0)
22:09:43 - [DEBUG] - chr(12) gene(CDK4) processed(1 of 1)
22:09:43 - [DEBUG] - added chromosomes(12 & 1) newGroups(2) new hardFiltered(1)
22:09:43 - [INFO ] - chr(12) complete(0) partials chr(2) total(16 -> 18), filtered chr(1 -> 1) total(4 -> 5)
22:09:44 - [DEBUG] - genes(EML4) bamReadCount(249967) depth(bases=12311 perc=0.004 max=780)
22:09:44 - [DEBUG] - genes(EML4) catCounts(all=86978.50 trans=80697.9)
22:09:44 - [DEBUG] - chr(2) gene(EML4) transCombo(gene=34 total=42)
22:09:44 - [DEBUG] - gene(EML4) totalFragments(86978) fitTotal(86978) residuals(16600 perc=0.191)
22:09:44 - [DEBUG] - chr(2) processing 8 local chimeric read groups
22:09:44 - [DEBUG] - chr(2) chimeric fragments(1 disc=0 junc=1) fusions(loc=1 total=1)
22:09:44 - [DEBUG] - chr(2) passing fusions(0) from total(0)
22:09:44 - [DEBUG] - chr(2) gene(EML4) processed(2 of 4)
22:09:44 - [DEBUG] - genes(AR) bamReadCount(37003) depth(bases=14100 perc=0.005 max=399)
22:09:44 - [DEBUG] - genes(AR) catCounts(all=12372.00 trans=11018.8)
22:09:44 - [DEBUG] - chr(X) gene(AR) transCombo(gene=14 total=14)
22:09:44 - [DEBUG] - gene(AR) totalFragments(12372) fitTotal(12372) residuals(929 perc=0.075)
22:09:44 - [DEBUG] - chr(X) gene(AR) processed(1 of 1)
22:09:44 - [INFO ] - chr(X) complete(0) partials chr(0) total(18 -> 18), filtered chr(1 -> 1) total(5 -> 6)
22:09:44 - [DEBUG] - genes(ERG) bamReadCount(27864) depth(bases=136307 perc=0.045 max=169)
22:09:44 - [DEBUG] - genes(ERG) catCounts(all=10093.50 trans=9198.5)
22:09:44 - [DEBUG] - chr(21) gene(ERG) transCombo(gene=35 total=35)
22:09:44 - [DEBUG] - gene(1:ERG) categories(act=35 exp=68 trans+genes=17) skippedCounts(15 perc=0.001 of total=10094)
22:09:44 - [DEBUG] - gene(ERG) totalFragments(10078) fitTotal(10078) residuals(3120 perc=0.310)
22:09:44 - [DEBUG] - chr(21) gene(ERG) processed(1 of 2)
22:09:44 - [DEBUG] - genes(TMPRSS2) bamReadCount(852) depth(bases=983 perc=0.000 max=5)
22:09:44 - [DEBUG] - genes(TMPRSS2) catCounts(all=202.00 trans=202.0)
22:09:44 - [DEBUG] - chr(21) gene(TMPRSS2) transCombo(gene=8 total=43)
22:09:44 - [DEBUG] - gene(TMPRSS2) totalFragments(202) fitTotal(202) residuals(124 perc=0.613)
22:09:44 - [DEBUG] - chr(21) gene(TMPRSS2) processed(2 of 2)
22:09:44 - [INFO ] - chr(21) complete(0) partials chr(0) total(18 -> 18), filtered chr(0 -> 0) total(6 -> 6)
22:09:46 - [DEBUG] - genes(RAF1) bamReadCount(349322) depth(bases=8222 perc=0.003 max=1102)
22:09:46 - [DEBUG] - genes(RAF1) catCounts(all=98253.40 trans=89296.2)
22:09:46 - [DEBUG] - chr(3) gene(RAF1) transCombo(gene=57 total=81)
22:09:46 - [DEBUG] - gene(RAF1) totalFragments(98253) fitTotal(98253) residuals(28002 perc=0.285)
22:09:46 - [DEBUG] - chr(3) processing 25 local chimeric read groups
22:09:46 - [DEBUG] - chr(3) chimeric fragments(3 disc=0 junc=3) fusions(loc=1 total=3)
22:09:46 - [DEBUG] - chr(3) passing fusions(0) from total(0)
22:09:46 - [DEBUG] - chr(3) gene(RAF1) processed(2 of 4)
22:09:47 - [DEBUG] - genes(NOTCH2) bamReadCount(489309) depth(bases=16688 perc=0.006 max=2169)
22:09:47 - [DEBUG] - genes(NOTCH2) catCounts(all=157786.30 trans=149032.8)
22:09:47 - [DEBUG] - chr(1) gene(NOTCH2) transCombo(gene=22 total=23)
22:09:47 - [DEBUG] - gene(1:NOTCH2) categories(act=22 exp=26 trans+genes=7) skippedCounts(30 perc=0.000 of total=157786)
22:09:47 - [DEBUG] - gene(NOTCH2) totalFragments(157756) fitTotal(157756) residuals(47217 perc=0.299)
22:09:47 - [DEBUG] - chr(1) processing 69 local chimeric read groups
22:09:47 - [DEBUG] - chr(1) chimeric fragments(8 disc=0 junc=8) fusions(loc=1 total=7)
22:09:47 - [DEBUG] - chr(1) passing fusions(0) from total(1)
22:09:47 - [DEBUG] - chr(1) gene(NOTCH2) processed(2 of 4)
22:09:47 - [DEBUG] - genes(NOTCH3) bamReadCount(459446) depth(bases=13337 perc=0.004 max=2147)
22:09:47 - [DEBUG] - genes(NOTCH3) catCounts(all=162752.20 trans=154398.9)
22:09:47 - [DEBUG] - chr(19) gene(NOTCH3) transCombo(gene=21 total=21)
22:09:47 - [DEBUG] - gene(NOTCH3) totalFragments(162752) fitTotal(162752) residuals(51837 perc=0.318)
22:09:47 - [DEBUG] - chr(19) processing 73 local chimeric read groups
22:09:47 - [DEBUG] - chr(19) chimeric fragments(6 disc=0 junc=6) fusions(loc=1 total=6)
22:09:47 - [DEBUG] - chr(19) passing fusions(0) from total(1)
22:09:47 - [DEBUG] - chr(19) gene(NOTCH3) processed(1 of 2)
22:09:48 - [DEBUG] - genes(MSH2) bamReadCount(148826) depth(bases=5085 perc=0.002 max=811)
22:09:48 - [DEBUG] - genes(MSH2) catCounts(all=43149.90 trans=40671.5)
22:09:48 - [DEBUG] - chr(2) gene(MSH2) transCombo(gene=15 total=57)
22:09:48 - [DEBUG] - gene(MSH2) totalFragments(43150) fitTotal(43150) residuals(12180 perc=0.282)
22:09:48 - [DEBUG] - chr(2) gene(MSH2) processed(3 of 4)
22:09:48 - [DEBUG] - genes(PAX3) bamReadCount(21157) depth(bases=0 perc=0.000 max=1)
22:09:48 - [DEBUG] - genes(PAX3) catCounts(all=1.00 trans=0.0)
22:09:48 - [DEBUG] - chr(2) gene(PAX3) transCombo(gene=1 total=58)
22:09:48 - [DEBUG] - gene(PAX3) totalFragments(1) fitTotal(1) residuals(0 perc=0.072)
22:09:48 - [DEBUG] - chr(2) gene(PAX3) processed(4 of 4)
22:09:48 - [DEBUG] - added chromosomes(2 & 22) newGroups(6) new hardFiltered(0)
22:09:48 - [DEBUG] - added chromosomes(2 & 15) newGroups(2) new hardFiltered(0)
22:09:48 - [DEBUG] - added chromosomes(2 & 17) newGroups(1) new hardFiltered(0)
22:09:48 - [DEBUG] - added chromosomes(2 & 7) newGroups(2) new hardFiltered(0)
22:09:48 - [INFO ] - chr(2) complete(0) partials chr(11) total(18 -> 29), filtered chr(0 -> 0) total(6 -> 6)
22:09:48 - [DEBUG] - genes(NTRK1) bamReadCount(66743) depth(bases=2084 perc=0.001 max=11)
22:09:48 - [DEBUG] - genes(NTRK1) catCounts(all=432.10 trans=354.6)
22:09:48 - [DEBUG] - chr(1) gene(NTRK1) transCombo(gene=14 total=37)
22:09:48 - [DEBUG] - gene(NTRK1) totalFragments(432) fitTotal(432) residuals(270 perc=0.624)
22:09:48 - [DEBUG] - chr(1) gene(NTRK1) processed(3 of 4)
22:09:49 - [DEBUG] - genes(PDGFRB) bamReadCount(308746) depth(bases=27407 perc=0.009 max=784)
22:09:49 - [DEBUG] - genes(PDGFRB) catCounts(all=108195.60 trans=102027.9)
22:09:49 - [DEBUG] - chr(5) gene(PDGFRB) transCombo(gene=35 total=61)
22:09:49 - [DEBUG] - gene(1:PDGFRB) categories(act=35 exp=39 trans+genes=12) skippedCounts(87 perc=0.001 of total=108196)
22:09:49 - [DEBUG] - gene(PDGFRB) totalFragments(108108) fitTotal(108108) residuals(21155 perc=0.196)
22:09:49 - [DEBUG] - chr(5) processing 139 local chimeric read groups
22:09:49 - [DEBUG] - chr(5) chimeric fragments(44 disc=40 junc=4) fusions(loc=1 total=4)
22:09:49 - [DEBUG] - chr(5) passing fusions(0) from total(1)
22:09:49 - [DEBUG] - chr(5) gene(PDGFRB) processed(2 of 3)
22:09:50 - [DEBUG] - genes(FGFR4) bamReadCount(4900) depth(bases=3161 perc=0.001 max=38)
22:09:50 - [DEBUG] - genes(FGFR4) catCounts(all=991.00 trans=863.0)
22:09:50 - [DEBUG] - chr(5) gene(FGFR4) transCombo(gene=31 total=92)
22:09:50 - [DEBUG] - gene(FGFR4) totalFragments(991) fitTotal(991) residuals(549 perc=0.554)
22:09:50 - [DEBUG] - chr(5) processing 1 local chimeric read groups
22:09:50 - [DEBUG] - chr(5) chimeric fragments(1 disc=1 junc=0) fusions(loc=0 total=0)
22:09:50 - [DEBUG] - chr(5) gene(FGFR4) processed(3 of 3)
22:09:50 - [DEBUG] - added chromosomes(5 & 11) newGroups(5) new hardFiltered(0)
22:09:50 - [DEBUG] - added chromosomes(5 & 4) newGroups(4) new hardFiltered(0)
22:09:50 - [DEBUG] - added chromosomes(5 & 7) newGroups(6) new hardFiltered(0)
22:09:50 - [DEBUG] - added chromosomes(5 & 8) newGroups(4) new hardFiltered(0)
22:09:50 - [DEBUG] - added chromosomes(5 & 9) newGroups(5) new hardFiltered(0)
22:09:50 - [INFO ] - chr(5) complete(0) partials chr(24) total(29 -> 53), filtered chr(0 -> 0) total(6 -> 6)
22:09:50 - [DEBUG] - genes(AXL) bamReadCount(105200) depth(bases=7670 perc=0.003 max=755)
22:09:50 - [DEBUG] - genes(AXL) catCounts(all=35009.50 trans=32550.8)
22:09:50 - [DEBUG] - chr(19) gene(AXL) transCombo(gene=16 total=37)
22:09:50 - [DEBUG] - gene(AXL) totalFragments(35010) fitTotal(35010) residuals(12198 perc=0.348)
22:09:50 - [DEBUG] - chr(19) processing 25 local chimeric read groups
22:09:50 - [DEBUG] - chr(19) chimeric fragments(2 disc=0 junc=2) fusions(loc=1 total=2)
22:09:50 - [DEBUG] - chr(19) passing fusions(0) from total(0)
22:09:50 - [DEBUG] - chr(19) gene(AXL) processed(2 of 2)
22:09:50 - [DEBUG] - added chromosomes(19 & 4) newGroups(21) new hardFiltered(4)
22:09:50 - [DEBUG] - added chromosomes(19 & 7) newGroups(1) new hardFiltered(4)
22:09:50 - [DEBUG] - added chromosomes(19 & 8) newGroups(1) new hardFiltered(4)
22:09:50 - [DEBUG] - added chromosomes(19 & 9) newGroups(36) new hardFiltered(4)
22:09:50 - [INFO ] - chr(19) complete(0) partials chr(59) total(53 -> 112), filtered chr(4 -> 4) total(6 -> 10)
22:09:51 - [DEBUG] - genes(PIK3CA) bamReadCount(218430) depth(bases=7661 perc=0.003 max=685)
22:09:51 - [DEBUG] - genes(PIK3CA) catCounts(all=56047.00 trans=52126.7)
22:09:51 - [DEBUG] - chr(3) gene(PIK3CA) transCombo(gene=12 total=93)
22:09:51 - [DEBUG] - gene(1:PIK3CA) categories(act=12 exp=13 trans+genes=5) skippedCounts(64 perc=0.001 of total=56047)
22:09:51 - [DEBUG] - gene(PIK3CA) totalFragments(55983) fitTotal(55983) residuals(29759 perc=0.532)
22:09:51 - [DEBUG] - chr(3) processing 22 local chimeric read groups
22:09:51 - [DEBUG] - chr(3) chimeric fragments(2 disc=0 junc=2) fusions(loc=1 total=2)
22:09:51 - [DEBUG] - chr(3) passing fusions(0) from total(0)
22:09:51 - [DEBUG] - chr(3) gene(PIK3CA) processed(3 of 4)
22:09:51 - [DEBUG] - genes(BRCA1) bamReadCount(230543) depth(bases=54835 perc=0.018 max=596)
22:09:51 - [DEBUG] - genes(BRCA1) catCounts(all=79100.90 trans=71957.0)
22:09:51 - [DEBUG] - chr(17) gene(BRCA1) transCombo(gene=112 total=188)
22:09:51 - [DEBUG] - gene(1:BRCA1) categories(act=112 exp=240 trans+genes=32) skippedCounts(63 perc=0.001 of total=79101)
22:09:51 - [DEBUG] - gene(BRCA1) totalFragments(79038) fitTotal(79038) residuals(27120 perc=0.343)
22:09:51 - [DEBUG] - chr(17) processing 3 local chimeric read groups
22:09:51 - [DEBUG] - chr(17) chimeric fragments(1 disc=0 junc=1) fusions(loc=1 total=1)
22:09:51 - [DEBUG] - chr(17) passing fusions(0) from total(0)
22:09:51 - [DEBUG] - chr(17) gene(BRCA1) processed(2 of 4)
22:09:53 - [DEBUG] - genes(NTRK3) bamReadCount(461632) depth(bases=48926 perc=0.016 max=1697)
22:09:53 - [DEBUG] - genes(NTRK3) catCounts(all=163027.50 trans=147372.0)
22:09:53 - [DEBUG] - chr(15) gene(NTRK3) transCombo(gene=54 total=54)
22:09:53 - [DEBUG] - gene(1:NTRK3) categories(act=54 exp=75 trans+genes=21) skippedCounts(353 perc=0.002 of total=163028)
22:09:53 - [DEBUG] - gene(NTRK3) totalFragments(162674) fitTotal(162674) residuals(51449 perc=0.316)
22:09:53 - [DEBUG] - chr(15) processing 63 local chimeric read groups
22:09:53 - [DEBUG] - chr(15) chimeric fragments(7 disc=0 junc=7) fusions(loc=1 total=6)
22:09:53 - [DEBUG] - chr(15) passing fusions(0) from total(2)
22:09:53 - [DEBUG] - chr(15) gene(NTRK3) processed(1 of 1)
22:09:53 - [DEBUG] - added chromosomes(15 & 1) newGroups(1) new hardFiltered(0)
22:09:53 - [DEBUG] - combined chromosomes(15 & 2) existing(9) new(2) complete(2)
22:09:53 - [DEBUG] - added chromosomes(15 & 3) newGroups(1) new hardFiltered(0)
22:09:53 - [DEBUG] - added chromosomes(15 & 17) newGroups(1) new hardFiltered(0)
22:09:53 - [DEBUG] - added chromosomes(15 & 7) newGroups(4) new hardFiltered(0)
22:09:53 - [DEBUG] - added chromosomes(15 & 8) newGroups(7) new hardFiltered(0)
22:09:53 - [DEBUG] - combined chromosomes(15 & 19) existing(59) new(0) complete(2)
22:09:53 - [DEBUG] - added chromosomes(15 & 9) newGroups(1) new hardFiltered(0)
22:09:53 - [DEBUG] - added chromosomes(15 & 10) newGroups(18) new hardFiltered(0)
22:09:53 - [INFO ] - chr(15) complete(2) partials chr(36) total(112 -> 143), filtered chr(0 -> 0) total(10 -> 9)
22:09:53 - [INFO ] - chr(15) processing 2 inter-chromosome chimeric read groups
22:09:53 - [DEBUG] - chr(15) chimeric fragments(1 disc=1 junc=0) fusions(loc=0 total=0)
22:09:53 - [INFO ] - chr(15) fusion processing complete, hard-filtered(4)
22:09:54 - [DEBUG] - genes(ETV4) bamReadCount(100237) depth(bases=5596 perc=0.002 max=699)
22:09:54 - [DEBUG] - genes(ETV4) catCounts(all=30320.70 trans=27744.0)
22:09:54 - [DEBUG] - chr(17) gene(ETV4) transCombo(gene=42 total=230)
22:09:54 - [DEBUG] - gene(ETV4) totalFragments(30321) fitTotal(30321) residuals(14583 perc=0.481)
22:09:54 - [DEBUG] - chr(17) processing 7 local chimeric read groups
22:09:54 - [DEBUG] - chr(17) chimeric fragments(2 disc=0 junc=2) fusions(loc=2 total=2)
22:09:54 - [DEBUG] - chr(17) passing fusions(0) from total(0)
22:09:54 - [DEBUG] - chr(17) gene(ETV4) processed(3 of 4)
22:09:55 - [DEBUG] - genes(KIF5B) bamReadCount(851599) depth(bases=11710 perc=0.004 max=1830)
22:09:55 - [DEBUG] - genes(KIF5B) catCounts(all=288741.90 trans=274132.4)
22:09:55 - [DEBUG] - chr(10) gene(KIF5B) transCombo(gene=6 total=6)
22:09:55 - [DEBUG] - gene(KIF5B) totalFragments(288742) fitTotal(288742) residuals(49004 perc=0.170)
22:09:55 - [DEBUG] - chr(10) processing 84 local chimeric read groups
22:09:55 - [DEBUG] - chr(10) chimeric fragments(16 disc=0 junc=16) fusions(loc=1 total=16)
22:09:55 - [DEBUG] - chr(10) passing fusions(0) from total(0)
22:09:55 - [DEBUG] - chr(10) gene(KIF5B) processed(1 of 3)
22:09:56 - [DEBUG] - genes(RET) bamReadCount(11359) depth(bases=4275 perc=0.001 max=13)
22:09:56 - [DEBUG] - genes(RET) catCounts(all=976.80 trans=866.0)
22:09:56 - [DEBUG] - chr(10) gene(RET) transCombo(gene=8 total=14)
22:09:56 - [DEBUG] - gene(RET) totalFragments(977) fitTotal(977) residuals(491 perc=0.503)
22:09:56 - [DEBUG] - chr(10) gene(RET) processed(2 of 3)
22:09:56 - [DEBUG] - genes(FGFR1) bamReadCount(267548) depth(bases=42746 perc=0.014 max=1013)
22:09:56 - [DEBUG] - genes(FGFR1) catCounts(all=91235.50 trans=85728.0)
22:09:56 - [DEBUG] - chr(8) gene(FGFR1) transCombo(gene=152 total=198)
22:09:56 - [DEBUG] - gene(1:FGFR1) categories(act=152 exp=270 trans+genes=41) skippedCounts(389 perc=0.004 of total=91235)
22:09:56 - [DEBUG] - gene(FGFR1) totalFragments(90846) fitTotal(90846) residuals(42684 perc=0.470)
22:09:56 - [DEBUG] - chr(8) processing 22 local chimeric read groups
22:09:56 - [DEBUG] - chr(8) chimeric fragments(3 disc=0 junc=3) fusions(loc=1 total=3)
22:09:56 - [DEBUG] - chr(8) passing fusions(0) from total(0)
22:09:56 - [DEBUG] - chr(8) gene(FGFR1) processed(2 of 3)
22:09:58 - [DEBUG] - genes(MYC) bamReadCount(71607) depth(bases=5031 perc=0.002 max=457)
22:09:58 - [DEBUG] - genes(MYC) catCounts(all=23793.70 trans=21062.5)
22:09:58 - [DEBUG] - chr(8) gene(MYC) transCombo(gene=16 total=214)
22:09:58 - [DEBUG] - gene(MYC) totalFragments(23794) fitTotal(23794) residuals(8675 perc=0.365)
22:09:58 - [DEBUG] - chr(8) gene(MYC) processed(3 of 3)
22:09:58 - [DEBUG] - added chromosomes(8 & 11) newGroups(3) new hardFiltered(0)
22:09:58 - [DEBUG] - added chromosomes(8 & 22) newGroups(5) new hardFiltered(0)
22:09:58 - [DEBUG] - added chromosomes(8 & 1) newGroups(2) new hardFiltered(0)
22:09:58 - [DEBUG] - combined chromosomes(8 & 13) existing(12) new(0) complete(0)
22:09:58 - [DEBUG] - added chromosomes(8 & 3) newGroups(6) new hardFiltered(0)
22:09:58 - [DEBUG] - added chromosomes(8 & 4) newGroups(12) new hardFiltered(0)
22:09:58 - [DEBUG] - combined chromosomes(8 & 15) existing(26) new(7) complete(7)
22:09:58 - [DEBUG] - combined chromosomes(8 & 5) existing(20) new(4) complete(11)
22:09:58 - [DEBUG] - added chromosomes(8 & 7) newGroups(31) new hardFiltered(0)
22:09:58 - [DEBUG] - combined chromosomes(8 & 19) existing(58) new(1) complete(12)
22:09:58 - [DEBUG] - added chromosomes(8 & 9) newGroups(9) new hardFiltered(0)
22:09:58 - [DEBUG] - added chromosomes(8 & 10) newGroups(1) new hardFiltered(0)
22:09:58 - [INFO ] - chr(8) complete(12) partials chr(83) total(143 -> 200), filtered chr(0 -> 0) total(9 -> 7)
22:09:58 - [INFO ] - chr(8) processing 12 inter-chromosome chimeric read groups
22:09:58 - [DEBUG] - chr(8) chimeric fragments(4 disc=1 junc=3) fusions(loc=3 total=3)
22:09:58 - [DEBUG] - chr(8) passing fusions(0) from total(0)
22:09:58 - [INFO ] - chr(8) fusion processing complete, hard-filtered(6)
22:09:59 - [DEBUG] - genes(ETV5) bamReadCount(304781) depth(bases=18033 perc=0.006 max=1354)
22:09:59 - [DEBUG] - genes(ETV5) catCounts(all=110087.20 trans=103093.2)
22:09:59 - [DEBUG] - chr(3) gene(ETV5) transCombo(gene=44 total=137)
22:09:59 - [DEBUG] - gene(1:ETV5) categories(act=44 exp=66 trans+genes=16) skippedCounts(81 perc=0.001 of total=110087)
22:09:59 - [DEBUG] - gene(ETV5) totalFragments(110005) fitTotal(110005) residuals(22624 perc=0.206)
22:09:59 - [DEBUG] - chr(3) gene(ETV5) processed(4 of 4)
22:09:59 - [DEBUG] - combined chromosomes(3 & 15) existing(25) new(1) complete(1)
22:09:59 - [DEBUG] - added chromosomes(3 & 7) newGroups(4) new hardFiltered(4)
22:09:59 - [DEBUG] - combined chromosomes(3 & 8) existing(63) new(6) complete(7)
22:09:59 - [INFO ] - chr(3) complete(7) partials chr(11) total(200 -> 197), filtered chr(4 -> 4) total(7 -> 10)
22:09:59 - [INFO ] - chr(3) processing 7 inter-chromosome chimeric read groups
22:09:59 - [DEBUG] - chr(3) chimeric fragments(2 disc=1 junc=1) fusions(loc=1 total=1)
22:09:59 - [DEBUG] - chr(3) passing fusions(0) from total(0)
22:09:59 - [INFO ] - chr(3) fusion processing complete, hard-filtered(6)
22:10:00 - [DEBUG] - genes(FGFR2) bamReadCount(91704) depth(bases=8489 perc=0.003 max=578)
22:10:00 - [DEBUG] - genes(FGFR2) catCounts(all=29164.80 trans=26345.5)
22:10:00 - [DEBUG] - chr(10) gene(FGFR2) transCombo(gene=68 total=82)
22:10:00 - [DEBUG] - gene(1:FGFR2) categories(act=68 exp=122 trans+genes=23) skippedCounts(198 perc=0.007 of total=29165)
22:10:00 - [DEBUG] - gene(FGFR2) totalFragments(28967) fitTotal(28967) residuals(14758 perc=0.509)
22:10:00 - [DEBUG] - chr(10) processing 1 local chimeric read groups
22:10:00 - [DEBUG] - chr(10) chimeric fragments(1 disc=0 junc=1) fusions(loc=1 total=1)
22:10:00 - [DEBUG] - chr(10) passing fusions(0) from total(0)
22:10:00 - [DEBUG] - chr(10) gene(FGFR2) processed(3 of 3)
22:10:00 - [DEBUG] - added chromosomes(10 & 11) newGroups(12) new hardFiltered(0)
22:10:00 - [DEBUG] - added chromosomes(10 & 1) newGroups(1) new hardFiltered(0)
22:10:00 - [DEBUG] - combined chromosomes(10 & 15) existing(7) new(18) complete(18)
22:10:00 - [DEBUG] - added chromosomes(10 & 4) newGroups(1) new hardFiltered(0)
22:10:00 - [DEBUG] - added chromosomes(10 & 7) newGroups(2) new hardFiltered(0)
22:10:00 - [DEBUG] - combined chromosomes(10 & 8) existing(62) new(1) complete(19)
22:10:00 - [DEBUG] - added chromosomes(10 & 9) newGroups(2) new hardFiltered(0)
22:10:00 - [INFO ] - chr(10) complete(19) partials chr(37) total(197 -> 196), filtered chr(0 -> 0) total(10 -> 10)
22:10:00 - [INFO ] - chr(10) processing 19 inter-chromosome chimeric read groups
22:10:00 - [DEBUG] - chr(10) chimeric fragments(2 disc=1 junc=1) fusions(loc=1 total=1)
22:10:00 - [DEBUG] - chr(10) passing fusions(0) from total(0)
22:10:00 - [INFO ] - chr(10) fusion processing complete, hard-filtered(18)
22:10:00 - [DEBUG] - genes(RPS6KB1) bamReadCount(240315) depth(bases=10554 perc=0.004 max=1083)
22:10:00 - [DEBUG] - genes(RPS6KB1) catCounts(all=84421.10 trans=77420.1)
22:10:00 - [DEBUG] - chr(17) gene(RPS6KB1) transCombo(gene=54 total=284)
22:10:00 - [DEBUG] - gene(1:RPS6KB1) categories(act=54 exp=71 trans+genes=13) skippedCounts(105 perc=0.001 of total=84421)
22:10:00 - [DEBUG] - gene(RPS6KB1) totalFragments(84314) fitTotal(84314) residuals(18188 perc=0.216)
22:10:00 - [DEBUG] - chr(17) processing 25 local chimeric read groups
22:10:00 - [DEBUG] - chr(17) chimeric fragments(7 disc=1 junc=6) fusions(loc=1 total=6)
22:10:00 - [DEBUG] - chr(17) passing fusions(0) from total(0)
22:10:00 - [DEBUG] - chr(17) gene(RPS6KB1) processed(4 of 4)
22:10:00 - [DEBUG] - added chromosomes(17 & 11) newGroups(3) new hardFiltered(2)
22:10:00 - [DEBUG] - combined chromosomes(17 & 15) existing(6) new(1) complete(1)
22:10:00 - [INFO ] - chr(17) complete(1) partials chr(4) total(196 -> 198), filtered chr(2 -> 2) total(10 -> 11)
22:10:00 - [INFO ] - chr(17) processing 1 inter-chromosome chimeric read groups
22:10:00 - [DEBUG] - chr(17) chimeric fragments(1 disc=1 junc=0) fusions(loc=0 total=0)
22:10:00 - [INFO ] - chr(17) fusion processing complete, hard-filtered(10)
22:10:02 - [DEBUG] - genes(AKT3) bamReadCount(623129) depth(bases=13252 perc=0.004 max=1444)
22:10:02 - [DEBUG] - genes(AKT3) catCounts(all=211817.30 trans=150472.4)
22:10:02 - [DEBUG] - chr(1) gene(AKT3) transCombo(gene=28 total=65)
22:10:02 - [DEBUG] - gene(1:AKT3) categories(act=28 exp=36 trans+genes=11) skippedCounts(11 perc=0.000 of total=211817)
22:10:02 - [DEBUG] - gene(AKT3) totalFragments(211806) fitTotal(211806) residuals(28385 perc=0.134)
22:10:02 - [DEBUG] - chr(1) processing 44 local chimeric read groups
22:10:02 - [DEBUG] - chr(1) chimeric fragments(7 disc=0 junc=7) fusions(loc=1 total=7)
22:10:02 - [DEBUG] - chr(1) passing fusions(0) from total(0)
22:10:02 - [DEBUG] - chr(1) gene(AKT3) processed(4 of 4)
22:10:02 - [DEBUG] - combined chromosomes(1 & 12) existing(0) new(2) complete(2)
22:10:02 - [DEBUG] - added chromosomes(1 & 4) newGroups(60) new hardFiltered(5)
22:10:02 - [DEBUG] - combined chromosomes(1 & 15) existing(5) new(1) complete(3)
22:10:02 - [DEBUG] - added chromosomes(1 & 7) newGroups(9) new hardFiltered(5)
22:10:02 - [DEBUG] - combined chromosomes(1 & 8) existing(60) new(2) complete(5)
22:10:02 - [DEBUG] - added chromosomes(1 & 9) newGroups(8) new hardFiltered(5)
22:10:02 - [INFO ] - chr(1) complete(5) partials chr(82) total(198 -> 270), filtered chr(5 -> 5) total(11 -> 15)
22:10:02 - [INFO ] - chr(1) processing 5 inter-chromosome chimeric read groups
22:10:02 - [DEBUG] - chr(1) chimeric fragments(3 disc=2 junc=1) fusions(loc=1 total=1)
22:10:02 - [DEBUG] - chr(1) passing fusions(0) from total(0)
22:10:02 - [INFO ] - chr(1) fusion processing complete, hard-filtered(14)
22:10:04 - [DEBUG] - genes(EWSR1) bamReadCount(526086) depth(bases=16545 perc=0.006 max=3541)
22:10:04 - [DEBUG] - genes(EWSR1) catCounts(all=175021.10 trans=167583.9)
22:10:04 - [DEBUG] - chr(22) gene(EWSR1) transCombo(gene=123 total=123)
22:10:04 - [DEBUG] - gene(1:EWSR1) categories(act=123 exp=178 trans+genes=22) skippedCounts(2776 perc=0.016 of total=175021)
22:10:04 - [DEBUG] - gene(EWSR1) totalFragments(172243) fitTotal(172243) residuals(69668 perc=0.404)
22:10:04 - [DEBUG] - chr(22) processing 14 local chimeric read groups
22:10:04 - [DEBUG] - chr(22) chimeric fragments(5 disc=0 junc=5) fusions(loc=1 total=5)
22:10:04 - [DEBUG] - chr(22) passing fusions(0) from total(0)
22:10:04 - [DEBUG] - chr(22) gene(EWSR1) processed(1 of 1)
22:10:04 - [DEBUG] - combined chromosomes(22 & 2) existing(3) new(6) complete(6)
22:10:04 - [DEBUG] - added chromosomes(22 & 4) newGroups(1) new hardFiltered(0)
22:10:04 - [DEBUG] - added chromosomes(22 & 7) newGroups(4) new hardFiltered(0)
22:10:04 - [DEBUG] - combined chromosomes(22 & 8) existing(55) new(5) complete(11)
22:10:04 - [INFO ] - chr(22) complete(11) partials chr(16) total(270 -> 264), filtered chr(0 -> 0) total(15 -> 15)
22:10:04 - [INFO ] - chr(22) processing 11 inter-chromosome chimeric read groups
22:10:04 - [DEBUG] - chr(22) chimeric fragments(2 disc=0 junc=2) fusions(loc=2 total=2)
22:10:04 - [DEBUG] - chr(22) passing fusions(0) from total(0)
22:10:04 - [INFO ] - chr(22) fusion processing complete, hard-filtered(7)
22:10:07 - [DEBUG] - genes(NTRK2) bamReadCount(1073917) depth(bases=23811 perc=0.008 max=2441)
22:10:07 - [DEBUG] - genes(NTRK2) catCounts(all=388506.30 trans=369215.2)
22:10:07 - [DEBUG] - chr(9) gene(NTRK2) transCombo(gene=26 total=75)
22:10:07 - [DEBUG] - gene(NTRK2) totalFragments(388506) fitTotal(388506) residuals(54395 perc=0.140)
22:10:07 - [DEBUG] - chr(9) processing 83 local chimeric read groups
22:10:07 - [DEBUG] - chr(9) chimeric fragments(14 disc=0 junc=14) fusions(loc=1 total=14)
22:10:07 - [DEBUG] - chr(9) passing fusions(0) from total(0)
22:10:07 - [DEBUG] - chr(9) gene(NTRK2) processed(3 of 5)
22:10:13 - [DEBUG] - genes(ABL1) bamReadCount(396758) depth(bases=8952 perc=0.003 max=1132)
22:10:13 - [DEBUG] - genes(ABL1) catCounts(all=129350.00 trans=123686.2)
22:10:13 - [DEBUG] - chr(9) gene(ABL1) transCombo(gene=9 total=84)
22:10:13 - [DEBUG] - gene(ABL1) totalFragments(129350) fitTotal(129350) residuals(23723 perc=0.183)
22:10:13 - [DEBUG] - chr(9) processing 10 local chimeric read groups
22:10:13 - [DEBUG] - chr(9) chimeric fragments(5 disc=0 junc=5) fusions(loc=1 total=5)
22:10:13 - [DEBUG] - chr(9) passing fusions(0) from total(0)
22:10:13 - [DEBUG] - chr(9) gene(ABL1) processed(4 of 5)
22:10:17 - [DEBUG] - genes(KMT2A) bamReadCount(1439615) depth(bases=26613 perc=0.009 max=1957)
22:10:17 - [DEBUG] - genes(KMT2A) catCounts(all=529885.00 trans=507491.1)
22:10:17 - [DEBUG] - chr(11) gene(KMT2A) transCombo(gene=51 total=51)
22:10:17 - [DEBUG] - gene(KMT2A) totalFragments(529885) fitTotal(529885) residuals(132888 perc=0.251)
22:10:17 - [DEBUG] - chr(11) processing 167 local chimeric read groups
22:10:17 - [DEBUG] - chr(11) chimeric fragments(32 disc=0 junc=32) fusions(loc=1 total=30)
22:10:17 - [DEBUG] - chr(11) passing fusions(0) from total(1)
22:10:17 - [DEBUG] - chr(11) gene(KMT2A) processed(1 of 3)
22:10:25 - [DEBUG] - genes(ETS1) bamReadCount(282389) depth(bases=7822 perc=0.003 max=911)
22:10:25 - [DEBUG] - genes(ETS1) catCounts(all=99531.20 trans=93621.0)
22:10:25 - [DEBUG] - chr(11) gene(ETS1) transCombo(gene=33 total=84)
22:10:25 - [DEBUG] - gene(1:ETS1) categories(act=33 exp=50 trans+genes=11) skippedCounts(30 perc=0.000 of total=99531)
22:10:25 - [DEBUG] - gene(ETS1) totalFragments(99501) fitTotal(99501) residuals(28084 perc=0.282)
22:10:25 - [DEBUG] - chr(11) processing 18 local chimeric read groups
22:10:25 - [DEBUG] - chr(11) chimeric fragments(5 disc=0 junc=5) fusions(loc=1 total=4)
22:10:25 - [DEBUG] - chr(11) passing fusions(0) from total(1)
22:10:25 - [DEBUG] - chr(11) gene(ETS1) processed(2 of 3)
22:10:26 - [DEBUG] - genes(ETV1) bamReadCount(985964) depth(bases=43728 perc=0.015 max=4265)
22:10:26 - [DEBUG] - genes(ETV1) catCounts(all=358362.80 trans=339000.6)
22:10:26 - [DEBUG] - chr(7) gene(ETV1) transCombo(gene=106 total=106)
22:10:26 - [DEBUG] - gene(1:ETV1) categories(act=106 exp=158 trans+genes=25) skippedCounts(1128 perc=0.003 of total=358363)
22:10:26 - [DEBUG] - gene(ETV1) totalFragments(357234) fitTotal(357234) residuals(108014 perc=0.302)
22:10:26 - [DEBUG] - chr(7) processing 224 local chimeric read groups
22:10:26 - [DEBUG] - chr(7) chimeric fragments(45 disc=0 junc=45) fusions(loc=1 total=40)
22:10:26 - [DEBUG] - chr(7) passing fusions(0) from total(6)
22:10:26 - [DEBUG] - chr(7) gene(ETV1) processed(1 of 4)
22:10:26 - [DEBUG] - genes(EGFR) bamReadCount(26792) depth(bases=7057 perc=0.002 max=74)
22:10:26 - [DEBUG] - genes(EGFR) catCounts(all=5983.60 trans=5673.5)
22:10:26 - [DEBUG] - chr(7) gene(EGFR) transCombo(gene=24 total=130)
22:10:26 - [DEBUG] - gene(EGFR) totalFragments(5984) fitTotal(5984) residuals(1883 perc=0.315)
22:10:26 - [DEBUG] - chr(7) gene(EGFR) processed(2 of 4)
22:10:26 - [DEBUG] - genes(FLI1) bamReadCount(46771) depth(bases=5592 perc=0.002 max=367)
22:10:26 - [DEBUG] - genes(FLI1) catCounts(all=17323.50 trans=16408.9)
22:10:26 - [DEBUG] - chr(11) gene(FLI1) transCombo(gene=25 total=109)
22:10:26 - [DEBUG] - gene(1:FLI1) categories(act=25 exp=42 trans+genes=11) skippedCounts(15 perc=0.001 of total=17324)
22:10:26 - [DEBUG] - gene(FLI1) totalFragments(17309) fitTotal(17309) residuals(7164 perc=0.414)
22:10:26 - [DEBUG] - chr(11) processing 1 local chimeric read groups
22:10:26 - [DEBUG] - chr(11) chimeric fragments(1 disc=1 junc=0) fusions(loc=0 total=0)
22:10:26 - [DEBUG] - chr(11) gene(FLI1) processed(3 of 3)
22:10:26 - [DEBUG] - added chromosomes(11 & 4) newGroups(2) new hardFiltered(1)
22:10:26 - [DEBUG] - combined chromosomes(11 & 5) existing(15) new(5) complete(5)
22:10:26 - [DEBUG] - combined chromosomes(11 & 17) existing(0) new(3) complete(8)
22:10:26 - [DEBUG] - added chromosomes(11 & 7) newGroups(6) new hardFiltered(1)
22:10:26 - [DEBUG] - combined chromosomes(11 & 18) existing(0) new(4) complete(12)
22:10:26 - [DEBUG] - combined chromosomes(11 & 8) existing(52) new(3) complete(15)
22:10:26 - [DEBUG] - added chromosomes(11 & 9) newGroups(2) new hardFiltered(1)
22:10:26 - [DEBUG] - combined chromosomes(11 & 10) existing(6) new(12) complete(27)
22:10:26 - [INFO ] - chr(11) complete(27) partials chr(37) total(264 -> 247), filtered chr(1 -> 1) total(15 -> 16)
22:10:26 - [INFO ] - chr(11) processing 27 inter-chromosome chimeric read groups
22:10:26 - [DEBUG] - chr(11) chimeric fragments(6 disc=3 junc=3) fusions(loc=2 total=2)
22:10:26 - [DEBUG] - chr(11) passing fusions(0) from total(2)
22:10:26 - [INFO ] - chr(11) fusion processing complete, hard-filtered(32)
22:10:40 - [DEBUG] - genes(NOTCH1) bamReadCount(1366119) depth(bases=16450 perc=0.005 max=2697)
22:10:40 - [DEBUG] - genes(NOTCH1) catCounts(all=473983.70 trans=447835.2)
22:10:40 - [DEBUG] - chr(9) gene(NOTCH1) transCombo(gene=9 total=93)
22:10:40 - [DEBUG] - gene(NOTCH1) totalFragments(473984) fitTotal(473984) residuals(16138 perc=0.034)
22:10:40 - [DEBUG] - chr(9) processing 207 local chimeric read groups
22:10:40 - [DEBUG] - chr(9) chimeric fragments(27 disc=0 junc=27) fusions(loc=1 total=27)
22:10:40 - [DEBUG] - chr(9) passing fusions(0) from total(0)
22:10:40 - [DEBUG] - chr(9) gene(NOTCH1) processed(5 of 5)
22:10:40 - [DEBUG] - combined chromosomes(9 & 11) existing(8) new(1) complete(1)
22:10:40 - [DEBUG] - combined chromosomes(9 & 1) existing(69) new(8) complete(9)
22:10:40 - [DEBUG] - combined chromosomes(9 & 13) existing(12) new(0) complete(9)
22:10:40 - [DEBUG] - combined chromosomes(9 & 3) existing(4) new(0) complete(9)
22:10:40 - [DEBUG] - added chromosomes(9 & 4) newGroups(3) new hardFiltered(4)
22:10:40 - [DEBUG] - combined chromosomes(9 & 5) existing(10) new(5) complete(14)
22:10:40 - [DEBUG] - added chromosomes(9 & 7) newGroups(47) new hardFiltered(4)
22:10:40 - [DEBUG] - combined chromosomes(9 & 8) existing(43) new(9) complete(23)
22:10:40 - [DEBUG] - combined chromosomes(9 & 19) existing(22) new(36) complete(59)
22:10:40 - [DEBUG] - combined chromosomes(9 & 10) existing(4) new(2) complete(61)
22:10:40 - [INFO ] - chr(9) complete(61) partials chr(113) total(247 -> 235), filtered chr(6 -> 4) total(16 -> 17)
22:10:40 - [INFO ] - chr(9) processing 61 inter-chromosome chimeric read groups
22:10:40 - [DEBUG] - chr(9) chimeric fragments(13 disc=9 junc=4) fusions(loc=3 total=4)
22:10:40 - [DEBUG] - chr(9) passing fusions(0) from total(0)
22:10:40 - [INFO ] - chr(9) fusion processing complete, hard-filtered(54)
22:10:52 - [DEBUG] - genes(PDGFRA) bamReadCount(3182316) depth(bases=16630 perc=0.006 max=5756)
22:10:52 - [DEBUG] - genes(PDGFRA) catCounts(all=1128389.20 trans=1083591.2)
22:10:52 - [DEBUG] - chr(4) gene(PDGFRA) transCombo(gene=46 total=70)
22:10:52 - [DEBUG] - gene(1:PDGFRA) categories(act=46 exp=54 trans+genes=11) skippedCounts(150 perc=0.000 of total=1128389)
22:10:52 - [DEBUG] - gene(PDGFRA) totalFragments(1128238) fitTotal(1128238) residuals(193989 perc=0.172)
22:10:52 - [DEBUG] - chr(4) processing 312 local chimeric read groups
22:10:52 - [DEBUG] - chr(4) chimeric fragments(45 disc=0 junc=45) fusions(loc=1 total=43)
22:10:52 - [DEBUG] - chr(4) passing fusions(0) from total(2)
22:10:52 - [DEBUG] - chr(4) gene(PDGFRA) processed(2 of 4)
22:10:59 - [DEBUG] - genes(KIT) bamReadCount(39384) depth(bases=6140 perc=0.002 max=142)
22:10:59 - [DEBUG] - genes(KIT) catCounts(all=13294.80 trans=12890.0)
22:10:59 - [DEBUG] - chr(4) gene(KIT) transCombo(gene=12 total=82)
22:10:59 - [DEBUG] - gene(KIT) totalFragments(13295) fitTotal(13295) residuals(3317 perc=0.250)
22:10:59 - [DEBUG] - chr(4) processing 25 local chimeric read groups
22:10:59 - [DEBUG] - chr(4) chimeric fragments(4 disc=2 junc=2) fusions(loc=1 total=2)
22:10:59 - [DEBUG] - chr(4) passing fusions(0) from total(0)
22:10:59 - [DEBUG] - chr(4) gene(KIT) processed(3 of 4)
22:11:00 - [DEBUG] - genes(KDR) bamReadCount(72445) depth(bases=7271 perc=0.002 max=350)
22:11:00 - [DEBUG] - genes(KDR) catCounts(all=23785.40 trans=22516.5)
22:11:00 - [DEBUG] - chr(4) gene(KDR) transCombo(gene=9 total=91)
22:11:00 - [DEBUG] - gene(KDR) totalFragments(23785) fitTotal(23785) residuals(3068 perc=0.129)
22:11:00 - [DEBUG] - chr(4) gene(KDR) processed(4 of 4)
22:11:00 - [DEBUG] - combined chromosomes(4 & 11) existing(6) new(2) complete(2)
22:11:00 - [DEBUG] - combined chromosomes(4 & 22) existing(4) new(1) complete(3)
22:11:00 - [DEBUG] - combined chromosomes(4 & 1) existing(9) new(60) complete(63)
22:11:00 - [DEBUG] - combined chromosomes(4 & 12) existing(0) new(0) complete(63)
22:11:00 - [DEBUG] - combined chromosomes(4 & 13) existing(0) new(12) complete(75)
22:11:00 - [DEBUG] - combined chromosomes(4 & 3) existing(4) new(0) complete(75)
22:11:00 - [DEBUG] - combined chromosomes(4 & 5) existing(6) new(4) complete(79)
22:11:00 - [DEBUG] - added chromosomes(4 & 7) newGroups(38) new hardFiltered(0)
22:11:00 - [DEBUG] - combined chromosomes(4 & 8) existing(31) new(12) complete(91)
22:11:00 - [DEBUG] - combined chromosomes(4 & 19) existing(1) new(21) complete(112)
22:11:00 - [DEBUG] - combined chromosomes(4 & 9) existing(47) new(3) complete(115)
22:11:00 - [DEBUG] - combined chromosomes(4 & 10) existing(3) new(1) complete(116)
22:11:00 - [INFO ] - chr(4) complete(116) partials chr(161) total(235 -> 157), filtered chr(0 -> 0) total(17 -> 10)
22:11:00 - [INFO ] - chr(4) processing 116 inter-chromosome chimeric read groups
22:11:00 - [DEBUG] - chr(4) chimeric fragments(14 disc=7 junc=7) fusions(loc=5 total=7)
22:11:00 - [DEBUG] - chr(4) passing fusions(0) from total(1)
22:11:00 - [INFO ] - chr(4) fusion processing complete, hard-filtered(50)
22:12:18 - [INFO ] - chr(7) genes(MET) bamRecordCount(5000000)
22:13:13 - [DEBUG] - genes(MET) bamReadCount(7323853) depth(bases=19449 perc=0.006 max=7127)
22:13:13 - [DEBUG] - genes(MET) catCounts(all=2582089.40 trans=2471049.1)
22:13:13 - [DEBUG] - chr(7) gene(MET) transCombo(gene=31 total=161)
22:13:13 - [DEBUG] - gene(1:MET) categories(act=31 exp=37 trans+genes=9) skippedCounts(371 perc=0.000 of total=2582089)
22:13:13 - [DEBUG] - gene(MET) totalFragments(2581718) fitTotal(2581718) residuals(395082 perc=0.153)
22:13:13 - [DEBUG] - chr(7) processing 652 local chimeric read groups
22:13:13 - [DEBUG] - chr(7) chimeric fragments(88 disc=3 junc=85) fusions(loc=2 total=79)
22:13:13 - [DEBUG] - chr(7) passing fusions(0) from total(6)
22:13:13 - [DEBUG] - chr(7) gene(MET) processed(3 of 4)
22:13:24 - [DEBUG] - genes(BRAF) bamReadCount(125289) depth(bases=7598 perc=0.003 max=601)
22:13:24 - [DEBUG] - genes(BRAF) catCounts(all=33309.30 trans=28152.4)
22:13:24 - [DEBUG] - chr(7) gene(BRAF) transCombo(gene=18 total=179)
22:13:24 - [DEBUG] - gene(BRAF) totalFragments(33309) fitTotal(33309) residuals(11741 perc=0.352)
22:13:24 - [DEBUG] - chr(7) processing 40 local chimeric read groups
22:13:24 - [DEBUG] - chr(7) chimeric fragments(4 disc=3 junc=1) fusions(loc=1 total=1)
22:13:24 - [DEBUG] - chr(7) passing fusions(0) from total(0)
22:13:24 - [DEBUG] - chr(7) gene(BRAF) processed(4 of 4)
22:13:24 - [DEBUG] - combined chromosomes(7 & 11) existing(0) new(6) complete(6)
22:13:24 - [DEBUG] - combined chromosomes(7 & 22) existing(0) new(4) complete(10)
22:13:24 - [DEBUG] - combined chromosomes(7 & 15) existing(1) new(4) complete(14)
22:13:24 - [DEBUG] - combined chromosomes(7 & 19) existing(0) new(1) complete(15)
22:13:24 - [DEBUG] - combined chromosomes(7 & 1) existing(0) new(9) complete(24)
22:13:24 - [DEBUG] - combined chromosomes(7 & 2) existing(1) new(2) complete(26)
22:13:24 - [DEBUG] - combined chromosomes(7 & 3) existing(0) new(4) complete(30)
22:13:24 - [DEBUG] - combined chromosomes(7 & 4) existing(0) new(38) complete(68)
22:13:24 - [DEBUG] - combined chromosomes(7 & 5) existing(0) new(6) complete(74)
22:13:24 - [DEBUG] - added chromosomes(7 & 6) newGroups(0) new hardFiltered(0)
22:13:24 - [DEBUG] - combined chromosomes(7 & 8) existing(0) new(31) complete(105)
22:13:24 - [DEBUG] - combined chromosomes(7 & 9) existing(0) new(47) complete(152)
22:13:24 - [DEBUG] - combined chromosomes(7 & 10) existing(1) new(2) complete(154)
22:13:24 - [INFO ] - chr(7) complete(154) partials chr(158) total(157 -> 3), filtered chr(0 -> 0) total(10 -> 7)
22:13:24 - [INFO ] - chr(7) processing 154 inter-chromosome chimeric read groups
22:13:24 - [DEBUG] - chr(7) chimeric fragments(35 disc=18 junc=17) fusions(loc=11 total=17)
22:13:24 - [DEBUG] - chr(7) passing fusions(0) from total(2)
22:13:24 - [INFO ] - chr(7) fusion processing complete, hard-filtered(123)
22:13:24 - [INFO ] - read 23759193 total BAM records
22:13:24 - [INFO ] - applying GC adjustments and transcript re-fit
22:13:24 - [DEBUG] - total(8223054) transcript expected GC counts from fit
22:13:24 - [DEBUG] - ratio(0.20) actual(0.000040) expected(0.000942) adjustment(3.000)
22:13:24 - [DEBUG] - ratio(0.21) actual(0.000116) expected(0.001878) adjustment(3.000)
22:13:24 - [DEBUG] - ratio(0.22) actual(0.000304) expected(0.003000) adjustment(3.000)
22:13:24 - [DEBUG] - ratio(0.23) actual(0.000671) expected(0.003766) adjustment(3.000)
22:13:24 - [DEBUG] - ratio(0.24) actual(0.001229) expected(0.004236) adjustment(3.000)
22:13:24 - [DEBUG] - ratio(0.25) actual(0.002108) expected(0.005239) adjustment(2.485)
22:13:24 - [DEBUG] - ratio(0.26) actual(0.003450) expected(0.006679) adjustment(1.936)
22:13:24 - [DEBUG] - ratio(0.27) actual(0.004929) expected(0.008850) adjustment(1.796)
22:13:24 - [DEBUG] - ratio(0.28) actual(0.006480) expected(0.009926) adjustment(1.532)
22:13:24 - [DEBUG] - ratio(0.29) actual(0.007978) expected(0.012413) adjustment(1.556)
22:13:24 - [DEBUG] - ratio(0.30) actual(0.009065) expected(0.012971) adjustment(1.431)
22:13:24 - [DEBUG] - ratio(0.31) actual(0.011060) expected(0.014451) adjustment(1.307)
22:13:24 - [DEBUG] - ratio(0.32) actual(0.014200) expected(0.016733) adjustment(1.178)
22:13:24 - [DEBUG] - ratio(0.33) actual(0.019385) expected(0.019088) adjustment(0.985)
22:13:24 - [DEBUG] - ratio(0.34) actual(0.023914) expected(0.022223) adjustment(0.929)
22:13:24 - [DEBUG] - ratio(0.35) actual(0.027093) expected(0.024124) adjustment(0.890)
22:13:24 - [DEBUG] - ratio(0.36) actual(0.028466) expected(0.026361) adjustment(0.926)
22:13:24 - [DEBUG] - ratio(0.37) actual(0.032581) expected(0.029761) adjustment(0.913)
22:13:24 - [DEBUG] - ratio(0.38) actual(0.038521) expected(0.034146) adjustment(0.886)
22:13:24 - [DEBUG] - ratio(0.39) actual(0.042105) expected(0.039831) adjustment(0.946)
22:13:24 - [DEBUG] - ratio(0.40) actual(0.043589) expected(0.041919) adjustment(0.962)
22:13:24 - [DEBUG] - ratio(0.41) actual(0.043746) expected(0.038264) adjustment(0.875)
22:13:24 - [DEBUG] - ratio(0.42) actual(0.042955) expected(0.035880) adjustment(0.835)
22:13:24 - [DEBUG] - ratio(0.43) actual(0.043933) expected(0.041200) adjustment(0.938)
22:13:24 - [DEBUG] - ratio(0.44) actual(0.044766) expected(0.037357) adjustment(0.834)
22:13:24 - [DEBUG] - ratio(0.45) actual(0.045509) expected(0.037642) adjustment(0.827)
22:13:24 - [DEBUG] - ratio(0.46) actual(0.045642) expected(0.035351) adjustment(0.775)
22:13:24 - [DEBUG] - ratio(0.47) actual(0.041912) expected(0.033261) adjustment(0.794)
22:13:24 - [DEBUG] - ratio(0.48) actual(0.036526) expected(0.032063) adjustment(0.878)
22:13:24 - [DEBUG] - ratio(0.49) actual(0.031437) expected(0.031742) adjustment(1.010)
22:13:24 - [DEBUG] - ratio(0.50) actual(0.030323) expected(0.030695) adjustment(1.012)
22:13:24 - [DEBUG] - ratio(0.51) actual(0.026112) expected(0.028006) adjustment(1.073)
22:13:24 - [DEBUG] - ratio(0.52) actual(0.025577) expected(0.025264) adjustment(0.988)
22:13:24 - [DEBUG] - ratio(0.53) actual(0.024925) expected(0.023738) adjustment(0.952)
22:13:24 - [DEBUG] - ratio(0.54) actual(0.022335) expected(0.021749) adjustment(0.974)
22:13:24 - [DEBUG] - ratio(0.55) actual(0.019689) expected(0.020467) adjustment(1.040)
22:13:24 - [DEBUG] - ratio(0.56) actual(0.017951) expected(0.018910) adjustment(1.053)
22:13:24 - [DEBUG] - ratio(0.57) actual(0.015388) expected(0.017516) adjustment(1.138)
22:13:24 - [DEBUG] - ratio(0.58) actual(0.012988) expected(0.014205) adjustment(1.094)
22:13:24 - [DEBUG] - ratio(0.59) actual(0.011303) expected(0.012545) adjustment(1.110)
22:13:24 - [DEBUG] - ratio(0.60) actual(0.010698) expected(0.010677) adjustment(0.998)
22:13:24 - [DEBUG] - ratio(0.61) actual(0.009567) expected(0.010040) adjustment(1.049)
22:13:24 - [DEBUG] - ratio(0.62) actual(0.009044) expected(0.009735) adjustment(1.076)
22:13:24 - [DEBUG] - ratio(0.63) actual(0.009150) expected(0.009414) adjustment(1.029)
22:13:24 - [DEBUG] - ratio(0.64) actual(0.009585) expected(0.009068) adjustment(0.946)
22:13:24 - [DEBUG] - ratio(0.65) actual(0.009738) expected(0.009002) adjustment(0.924)
22:13:24 - [DEBUG] - ratio(0.66) actual(0.009707) expected(0.009240) adjustment(0.952)
22:13:24 - [DEBUG] - ratio(0.67) actual(0.009536) expected(0.009332) adjustment(0.979)
22:13:24 - [DEBUG] - ratio(0.68) actual(0.008084) expected(0.008969) adjustment(1.109)
22:13:24 - [DEBUG] - ratio(0.69) actual(0.005689) expected(0.008050) adjustment(1.415)
22:13:24 - [DEBUG] - ratio(0.70) actual(0.003797) expected(0.006308) adjustment(1.661)
22:13:24 - [DEBUG] - ratio(0.71) actual(0.002231) expected(0.005262) adjustment(2.359)
22:13:24 - [DEBUG] - ratio(0.72) actual(0.001217) expected(0.004393) adjustment(3.000)
22:13:24 - [DEBUG] - ratio(0.73) actual(0.000666) expected(0.002894) adjustment(3.000)
22:13:24 - [DEBUG] - ratio(0.74) actual(0.000409) expected(0.002285) adjustment(3.000)
22:13:24 - [DEBUG] - ratio(0.75) actual(0.000242) expected(0.001897) adjustment(3.000)
22:13:24 - [DEBUG] - ratio(0.76) actual(0.000135) expected(0.001692) adjustment(3.000)
22:13:24 - [DEBUG] - ratio(0.77) actual(0.000067) expected(0.001131) adjustment(3.000)
22:13:24 - [DEBUG] - ratio(0.78) actual(0.000039) expected(0.000735) adjustment(3.000)
22:13:24 - [DEBUG] - ratio(0.79) actual(0.000025) expected(0.000643) adjustment(3.000)
22:13:24 - [DEBUG] - ratio(0.80) actual(0.000016) expected(0.000584) adjustment(3.000)
22:13:24 - [DEBUG] - gene(1:EWSR1) categories(act=123 exp=178 trans+genes=22) skippedCounts(2958 perc=0.017 of total=175021)
22:13:24 - [DEBUG] - gene(1:ETV1) categories(act=106 exp=158 trans+genes=25) skippedCounts(954 perc=0.003 of total=358363)
22:13:24 - [DEBUG] - gene(1:NTRK3) categories(act=54 exp=75 trans+genes=21) skippedCounts(352 perc=0.002 of total=163028)
22:13:24 - [DEBUG] - gene(1:CSF1R) categories(act=26 exp=41 trans+genes=10) skippedCounts(24 perc=0.000 of total=66112)
22:13:24 - [DEBUG] - gene(1:ERBB2) categories(act=76 exp=124 trans+genes=25) skippedCounts(1 perc=0.000 of total=14177)
22:13:24 - [DEBUG] - gene(1:CDK4) categories(act=75 exp=144 trans+genes=17) skippedCounts(390 perc=0.005 of total=75690)
22:13:24 - [DEBUG] - gene(PAX7) totalFragments(6) fitTotal(6) residuals(3 perc=0.556)
22:13:24 - [DEBUG] - gene(ROS1) totalFragments(7) fitTotal(7) residuals(9 perc=1.245)
22:13:24 - [DEBUG] - gene(FLT3) totalFragments(206) fitTotal(206) residuals(76 perc=0.370)
22:13:24 - [DEBUG] - gene(1:NOTCH2) categories(act=22 exp=26 trans+genes=7) skippedCounts(36 perc=0.000 of total=157786)
22:13:24 - [DEBUG] - gene(JAK2) totalFragments(23781) fitTotal(23781) residuals(2588 perc=0.109)
22:13:24 - [DEBUG] - gene(PPARG) totalFragments(886) fitTotal(886) residuals(450 perc=0.508)
22:13:24 - [DEBUG] - gene(ALK) totalFragments(14764) fitTotal(14764) residuals(2189 perc=0.148)
22:13:24 - [DEBUG] - gene(FGFR3) totalFragments(18377) fitTotal(18377) residuals(4104 perc=0.223)
22:13:24 - [DEBUG] - gene(1:MLLT3) categories(act=31 exp=59 trans+genes=11) skippedCounts(16 perc=0.001 of total=15523)
22:13:24 - [DEBUG] - gene(KMT2A) totalFragments(529885) fitTotal(529885) residuals(137338 perc=0.259)
22:13:24 - [DEBUG] - gene(NRG1) totalFragments(5921) fitTotal(5921) residuals(2634 perc=0.445)
22:13:24 - [DEBUG] - gene(KIF5B) totalFragments(288742) fitTotal(288742) residuals(18212 perc=0.063)
22:13:24 - [DEBUG] - gene(CSF1R) totalFragments(66088) fitTotal(66088) residuals(19862 perc=0.301)
22:13:24 - [DEBUG] - gene(CDK4) totalFragments(75297) fitTotal(75297) residuals(52151 perc=0.693)
22:13:24 - [DEBUG] - gene(NTRK3) totalFragments(162674) fitTotal(162674) residuals(51380 perc=0.316)
22:13:24 - [DEBUG] - gene(1:ETS1) categories(act=33 exp=50 trans+genes=11) skippedCounts(26 perc=0.000 of total=99531)
22:13:24 - [DEBUG] - gene(1:BCL2) categories(act=12 exp=13 trans+genes=6) skippedCounts(8 perc=0.000 of total=26690)
22:13:24 - [DEBUG] - gene(1:PDGFRB) categories(act=35 exp=39 trans+genes=12) skippedCounts(91 perc=0.001 of total=108196)
22:13:24 - [DEBUG] - gene(1:PDGFRA) categories(act=46 exp=54 trans+genes=11) skippedCounts(273 perc=0.000 of total=1128389)
22:13:24 - [DEBUG] - gene(ESR1) totalFragments(2140) fitTotal(2140) residuals(617 perc=0.288)
22:13:24 - [DEBUG] - gene(ETV1) totalFragments(357406) fitTotal(357406) residuals(108030 perc=0.302)
22:13:24 - [DEBUG] - gene(FLT1) totalFragments(69411) fitTotal(69411) residuals(8356 perc=0.120)
22:13:24 - [DEBUG] - gene(1:FGFR1) categories(act=152 exp=270 trans+genes=41) skippedCounts(353 perc=0.004 of total=91235)
22:13:24 - [DEBUG] - gene(ERBB2) totalFragments(14175) fitTotal(14175) residuals(6690 perc=0.472)
22:13:24 - [DEBUG] - gene(EWSR1) totalFragments(172055) fitTotal(172055) residuals(70033 perc=0.407)
22:13:24 - [DEBUG] - gene(1:ERG) categories(act=35 exp=68 trans+genes=17) skippedCounts(38 perc=0.004 of total=10094)
22:13:24 - [DEBUG] - gene(NOTCH2) totalFragments(157750) fitTotal(157750) residuals(43924 perc=0.278)
22:13:24 - [DEBUG] - gene(1:BRCA1) categories(act=112 exp=240 trans+genes=32) skippedCounts(80 perc=0.001 of total=79101)
22:13:24 - [DEBUG] - gene(RET) totalFragments(977) fitTotal(977) residuals(456 perc=0.467)
22:13:24 - [DEBUG] - gene(MLLT3) totalFragments(15507) fitTotal(15507) residuals(4260 perc=0.275)
22:13:24 - [DEBUG] - gene(EML4) totalFragments(86978) fitTotal(86978) residuals(16805 perc=0.193)
22:13:24 - [DEBUG] - gene(1:FGFR2) categories(act=68 exp=122 trans+genes=23) skippedCounts(172 perc=0.006 of total=29165)
22:13:24 - [DEBUG] - gene(RAF1) totalFragments(98253) fitTotal(98253) residuals(27541 perc=0.280)
22:13:24 - [DEBUG] - gene(BCL2) totalFragments(26681) fitTotal(26681) residuals(2572 perc=0.096)
22:13:24 - [DEBUG] - gene(1:PIK3CA) categories(act=12 exp=13 trans+genes=5) skippedCounts(58 perc=0.001 of total=56047)
22:13:24 - [DEBUG] - gene(ETS1) totalFragments(99504) fitTotal(99504) residuals(28192 perc=0.283)
22:13:24 - [DEBUG] - gene(BRCA2) totalFragments(51879) fitTotal(51879) residuals(7627 perc=0.147)
22:13:24 - [DEBUG] - gene(EGFR) totalFragments(5984) fitTotal(5984) residuals(1910 perc=0.319)
22:13:24 - [DEBUG] - gene(1:FLI1) categories(act=25 exp=42 trans+genes=11) skippedCounts(15 perc=0.001 of total=17324)
22:13:24 - [DEBUG] - gene(PDGFRB) totalFragments(108103) fitTotal(108103) residuals(20165 perc=0.187)
22:13:24 - [DEBUG] - gene(NOTCH3) totalFragments(162752) fitTotal(162752) residuals(49829 perc=0.306)
22:13:24 - [DEBUG] - gene(1:MET) categories(act=31 exp=37 trans+genes=9) skippedCounts(361 perc=0.000 of total=2582089)
22:13:24 - [DEBUG] - gene(NTRK1) totalFragments(432) fitTotal(432) residuals(250 perc=0.579)
22:13:24 - [DEBUG] - gene(ERG) totalFragments(10054) fitTotal(10054) residuals(3112 perc=0.310)
22:13:24 - [DEBUG] - gene(AR) totalFragments(12372) fitTotal(12372) residuals(963 perc=0.078)
22:13:24 - [DEBUG] - gene(1:AKT3) categories(act=28 exp=36 trans+genes=11) skippedCounts(10 perc=0.000 of total=211817)
22:13:24 - [DEBUG] - gene(PDGFRA) totalFragments(1128115) fitTotal(1128115) residuals(226885 perc=0.201)
22:13:24 - [DEBUG] - gene(MSH2) totalFragments(43150) fitTotal(43150) residuals(12164 perc=0.282)
22:13:24 - [DEBUG] - gene(PIK3CA) totalFragments(55988) fitTotal(55988) residuals(27025 perc=0.483)
22:13:24 - [DEBUG] - gene(FGFR1) totalFragments(90873) fitTotal(90873) residuals(41353 perc=0.455)
22:13:24 - [DEBUG] - gene(FGFR2) totalFragments(28991) fitTotal(28991) residuals(14009 perc=0.483)
22:13:24 - [DEBUG] - gene(1:ETV5) categories(act=44 exp=66 trans+genes=16) skippedCounts(117 perc=0.001 of total=110087)
22:13:24 - [DEBUG] - gene(NTRK2) totalFragments(388506) fitTotal(388506) residuals(56290 perc=0.145)
22:13:24 - [DEBUG] - gene(TMPRSS2) totalFragments(202) fitTotal(202) residuals(126 perc=0.622)
22:13:24 - [DEBUG] - gene(FLI1) totalFragments(17308) fitTotal(17308) residuals(7297 perc=0.422)
22:13:24 - [DEBUG] - gene(FGFR4) totalFragments(991) fitTotal(991) residuals(554 perc=0.559)
22:13:24 - [DEBUG] - gene(MET) totalFragments(2581728) fitTotal(2581728) residuals(423175 perc=0.164)
22:13:24 - [DEBUG] - gene(AXL) totalFragments(35010) fitTotal(35009) residuals(12415 perc=0.355)
22:13:24 - [DEBUG] - gene(BRCA1) totalFragments(79017) fitTotal(79017) residuals(28122 perc=0.356)
22:13:24 - [DEBUG] - gene(AKT3) totalFragments(211807) fitTotal(211807) residuals(25956 perc=0.123)
22:13:24 - [DEBUG] - gene(KIT) totalFragments(13295) fitTotal(13295) residuals(3450 perc=0.260)
22:13:24 - [DEBUG] - gene(PAX3) totalFragments(1) fitTotal(1) residuals(0 perc=0.072)
22:13:24 - [DEBUG] - gene(MYC) totalFragments(23794) fitTotal(23794) residuals(7289 perc=0.306)
22:13:24 - [DEBUG] - gene(ABL1) totalFragments(129350) fitTotal(129350) residuals(20474 perc=0.158)
22:13:24 - [DEBUG] - gene(ETV5) totalFragments(109970) fitTotal(109970) residuals(23655 perc=0.215)
22:13:24 - [DEBUG] - gene(BRAF) totalFragments(33309) fitTotal(33309) residuals(11627 perc=0.349)
22:13:24 - [DEBUG] - gene(ETV4) totalFragments(30321) fitTotal(30321) residuals(14496 perc=0.478)
22:13:24 - [DEBUG] - gene(KDR) totalFragments(23785) fitTotal(23785) residuals(3333 perc=0.140)
22:13:24 - [DEBUG] - gene(NOTCH1) totalFragments(473984) fitTotal(473984) residuals(38489 perc=0.081)
22:13:24 - [DEBUG] - gene(1:RPS6KB1) categories(act=54 exp=71 trans+genes=13) skippedCounts(103 perc=0.001 of total=84421)
22:13:24 - [DEBUG] - gene(RPS6KB1) totalFragments(84316) fitTotal(84316) residuals(20071 perc=0.238)
22:13:24 - [INFO ] - loaded 55 panel gene TPM adjustment factors from file(isofox.gene_normalisation.tso500.37.csv)
22:13:25 - [INFO ] - overall chimeric stats: junc=0 locInterGene=451 candRealgn=0 bnd=626 inv=2250
22:13:25 - [INFO ] - all fusion tasks complete: incompleteGroups(3) RAC frags(3303 assigned=2 groups=30) hardFiltered(372 supps=26)
22:13:25 - [INFO ] - Isofox complete, mins(4.318)
